
Circuit 1 cell sg13_hv_pmos and Circuit 2 cell sg13_hv_pmos are black boxes.
Warning: Equate pins:  cell sg13_hv_pmos is a placeholder, treated as a black box.
Warning: Equate pins:  cell sg13_hv_pmos is a placeholder, treated as a black box.

Subcircuit pins:
Circuit 1: sg13_hv_pmos                    |Circuit 2: sg13_hv_pmos                    
-------------------------------------------|-------------------------------------------
1                                          |1                                          
2                                          |2                                          
3                                          |3                                          
4                                          |4                                          
---------------------------------------------------------------------------------------
Cell pin lists are equivalent.
Device classes sg13_hv_pmos and sg13_hv_pmos are equivalent.

Circuit 1 cell sg13_hv_nmos and Circuit 2 cell sg13_hv_nmos are black boxes.
Warning: Equate pins:  cell sg13_hv_nmos is a placeholder, treated as a black box.
Warning: Equate pins:  cell sg13_hv_nmos is a placeholder, treated as a black box.

Subcircuit pins:
Circuit 1: sg13_hv_nmos                    |Circuit 2: sg13_hv_nmos                    
-------------------------------------------|-------------------------------------------
1                                          |1                                          
2                                          |2                                          
3                                          |3                                          
4                                          |4                                          
---------------------------------------------------------------------------------------
Cell pin lists are equivalent.
Device classes sg13_hv_nmos and sg13_hv_nmos are equivalent.

Circuit 1 cell rhigh and Circuit 2 cell rhigh are black boxes.
Warning: Equate pins:  cell rhigh is a placeholder, treated as a black box.
Warning: Equate pins:  cell rhigh is a placeholder, treated as a black box.

Subcircuit pins:
Circuit 1: rhigh                           |Circuit 2: rhigh                           
-------------------------------------------|-------------------------------------------
1                                          |1                                          
2                                          |2                                          
3                                          |3                                          
---------------------------------------------------------------------------------------
Cell pin lists are equivalent.
Device classes rhigh and rhigh are equivalent.

Class simple_comparator (0):  Merged 18 parallel devices.
Class simple_comparator (1):  Merged 6 parallel devices.
Subcircuit summary:
Circuit 1: simple_comparator               |Circuit 2: simple_comparator               
-------------------------------------------|-------------------------------------------
sg13_hv_pmos (24->14)                      |sg13_hv_pmos (24->14)                      
sg13_hv_nmos (18->10)                      |sg13_hv_nmos (18->10)                      
rhigh (2)                                  |rhigh (2)                                  
Number of devices: 26                      |Number of devices: 26                      
Number of nets: 12                         |Number of nets: 12                         
---------------------------------------------------------------------------------------
Netlists match uniquely with property errors.
rhigh:28 vs. rhigh:RBIAS:
 l circuit1: 0.0001483   circuit2: 0.00012008   (delta=21%, cutoff=1%)
rhigh:28 vs. rhigh:RBIAS:
Property mm_ok in circuit2 has no matching property in circuit1
rhigh:28 vs. rhigh:RBIAS:
Property mm_ok in circuit2 has no matching property in circuit1
rhigh:10 vs. rhigh:RBIAS1:
 l circuit1: 0.00012344   circuit2: 1e-05   (delta=170%, cutoff=1%)
rhigh:10 vs. rhigh:RBIAS1:
Property mm_ok in circuit2 has no matching property in circuit1
rhigh:10 vs. rhigh:RBIAS1:
Property mm_ok in circuit2 has no matching property in circuit1
sg13_hv_nmos:20 vs. sg13_hv_nmos:M5N:
Property mm_ok in circuit2 has no matching property in circuit1
sg13_hv_nmos:1 vs. sg13_hv_nmos:M4N:
Property mm_ok in circuit2 has no matching property in circuit1
sg13_hv_nmos:42 vs. sg13_hv_nmos:MN1:
Property mm_ok in circuit2 has no matching property in circuit1
sg13_hv_nmos:42 vs. sg13_hv_nmos:MN1:
Property mm_ok in circuit2 has no matching property in circuit1
sg13_hv_nmos:35 vs. sg13_hv_nmos:MN3:
Property mm_ok in circuit2 has no matching property in circuit1
sg13_hv_nmos:35 vs. sg13_hv_nmos:MN3:
Property mm_ok in circuit2 has no matching property in circuit1
sg13_hv_nmos:8 vs. sg13_hv_nmos:MN4:
Property mm_ok in circuit2 has no matching property in circuit1
sg13_hv_nmos:8 vs. sg13_hv_nmos:MN4:
Property mm_ok in circuit2 has no matching property in circuit1
sg13_hv_nmos:8 vs. sg13_hv_nmos:MN4:
Property mm_ok in circuit2 has no matching property in circuit1
sg13_hv_nmos:16 vs. sg13_hv_nmos:MN6:
Property mm_ok in circuit2 has no matching property in circuit1
sg13_hv_nmos:16 vs. sg13_hv_nmos:MN6:
Property mm_ok in circuit2 has no matching property in circuit1
sg13_hv_nmos:36 vs. sg13_hv_nmos:M9:
Property mm_ok in circuit2 has no matching property in circuit1
sg13_hv_nmos:36 vs. sg13_hv_nmos:M9:
Property mm_ok in circuit2 has no matching property in circuit1
sg13_hv_nmos:22 vs. sg13_hv_nmos:M5:
Property mm_ok in circuit2 has no matching property in circuit1
sg13_hv_nmos:22 vs. sg13_hv_nmos:M5:
Property mm_ok in circuit2 has no matching property in circuit1
sg13_hv_nmos:2 vs. sg13_hv_nmos:MN5:
Property mm_ok in circuit2 has no matching property in circuit1
sg13_hv_nmos:2 vs. sg13_hv_nmos:MN5:
Property mm_ok in circuit2 has no matching property in circuit1
sg13_hv_nmos:33 vs. sg13_hv_nmos:MN8:
Property mm_ok in circuit2 has no matching property in circuit1
sg13_hv_nmos:33 vs. sg13_hv_nmos:MN8:
Property mm_ok in circuit2 has no matching property in circuit1
sg13_hv_pmos:15 vs. sg13_hv_pmos:MBIAS:
Property mm_ok in circuit2 has no matching property in circuit1
sg13_hv_pmos:15 vs. sg13_hv_pmos:MBIAS:
Property mm_ok in circuit2 has no matching property in circuit1
sg13_hv_pmos:29 vs. sg13_hv_pmos:M3P:
Property mm_ok in circuit2 has no matching property in circuit1
sg13_hv_pmos:29 vs. sg13_hv_pmos:M3P:
Property mm_ok in circuit2 has no matching property in circuit1
sg13_hv_pmos:7 vs. sg13_hv_pmos:M1P:
Property mm_ok in circuit2 has no matching property in circuit1
sg13_hv_pmos:3 vs. sg13_hv_pmos:M2P:
Property mm_ok in circuit2 has no matching property in circuit1
sg13_hv_pmos:14 vs. sg13_hv_pmos:MP1:
 w circuit1: 2e-06   circuit2: 4e-06   (delta=66.7%, cutoff=1%)
sg13_hv_pmos:14 vs. sg13_hv_pmos:MP1:
Property mm_ok in circuit2 has no matching property in circuit1
sg13_hv_pmos:14 vs. sg13_hv_pmos:MP1:
Property mm_ok in circuit2 has no matching property in circuit1
sg13_hv_pmos:5 vs. sg13_hv_pmos:MP2:
 w circuit1: 2e-06   circuit2: 4e-06   (delta=66.7%, cutoff=1%)
sg13_hv_pmos:5 vs. sg13_hv_pmos:MP2:
Property mm_ok in circuit2 has no matching property in circuit1
sg13_hv_pmos:5 vs. sg13_hv_pmos:MP2:
Property mm_ok in circuit2 has no matching property in circuit1
sg13_hv_pmos:26 vs. sg13_hv_pmos:MBIAS1:
Property mm_ok in circuit2 has no matching property in circuit1
sg13_hv_pmos:26 vs. sg13_hv_pmos:MBIAS1:
Property mm_ok in circuit2 has no matching property in circuit1
sg13_hv_pmos:6 vs. sg13_hv_pmos:MBIAS2:
Property mm_ok in circuit2 has no matching property in circuit1
sg13_hv_pmos:6 vs. sg13_hv_pmos:MBIAS2:
 w circuit1: 2e-06   circuit2: 4e-06   (delta=66.7%, cutoff=1%)
sg13_hv_pmos:6 vs. sg13_hv_pmos:MBIAS2:
Property mm_ok in circuit2 has no matching property in circuit1
sg13_hv_pmos:6 vs. sg13_hv_pmos:MBIAS2:
Property mm_ok in circuit2 has no matching property in circuit1
sg13_hv_pmos:24 vs. sg13_hv_pmos:M2:
Property mm_ok in circuit2 has no matching property in circuit1
sg13_hv_pmos:4 vs. sg13_hv_pmos:MP5:
 w circuit1: 2e-06   circuit2: 4e-06   (delta=66.7%, cutoff=1%)
sg13_hv_pmos:4 vs. sg13_hv_pmos:MP5:
Property mm_ok in circuit2 has no matching property in circuit1
sg13_hv_pmos:4 vs. sg13_hv_pmos:MP5:
Property mm_ok in circuit2 has no matching property in circuit1
sg13_hv_pmos:23 vs. sg13_hv_pmos:MP6:
 w circuit1: 2e-06   circuit2: 4e-06   (delta=66.7%, cutoff=1%)
sg13_hv_pmos:23 vs. sg13_hv_pmos:MP6:
Property mm_ok in circuit2 has no matching property in circuit1
sg13_hv_pmos:23 vs. sg13_hv_pmos:MP6:
Property mm_ok in circuit2 has no matching property in circuit1
sg13_hv_pmos:31 vs. sg13_hv_pmos:MP3:
 w circuit1: 2e-06   circuit2: 4e-06   (delta=66.7%, cutoff=1%)
sg13_hv_pmos:31 vs. sg13_hv_pmos:MP3:
Property mm_ok in circuit2 has no matching property in circuit1
sg13_hv_pmos:31 vs. sg13_hv_pmos:MP3:
Property mm_ok in circuit2 has no matching property in circuit1
sg13_hv_pmos:27 vs. sg13_hv_pmos:M8:
Property mm_ok in circuit2 has no matching property in circuit1
sg13_hv_pmos:27 vs. sg13_hv_pmos:M8:
Property mm_ok in circuit2 has no matching property in circuit1
sg13_hv_pmos:0 vs. sg13_hv_pmos:M4:
Property mm_ok in circuit2 has no matching property in circuit1
sg13_hv_pmos:0 vs. sg13_hv_pmos:M4:
Property mm_ok in circuit2 has no matching property in circuit1

Subcircuit pins:
Circuit 1: simple_comparator               |Circuit 2: simple_comparator               
-------------------------------------------|-------------------------------------------
comp_out                                   |comp_out                                   
VDDL                                       |VDDL                                       
vin                                        |vin                                        
vref                                       |vref                                       
VSS                                        |VSS                                        
VDD                                        |VDD                                        
---------------------------------------------------------------------------------------
Cell pin lists are equivalent.
Device classes simple_comparator and simple_comparator are equivalent.

Final result: Circuits match uniquely.
Property errors were found.

The following cells had property errors:
 simple_comparator
