+ analyze_power_grid -net VPWR -voltage_file /home/belal/HeiChips/heichips26-on-off/macros/heichips26_ook/macros/fb_clk_gen/flow/librelane/runs/RUN_2026-09-09_04-14-04/56-openroad-irdropreport/net-VPWR.csv
[INFO PSM-0040] All shapes on net VPWR are connected.
########## IR report #################
Net              : VPWR
Corner           : nom_typ_1p20V_25C
Total power      : 2.39e-04 W
Supply voltage   : 1.20e+00 V
Worstcase voltage: 1.20e+00 V
Average voltage  : 1.20e+00 V
Average IR drop  : 3.03e-04 V
Worstcase IR drop: 6.23e-04 V
Percentage drop  : 0.05 %
######################################
+ analyze_power_grid -net VGND -voltage_file /home/belal/HeiChips/heichips26-on-off/macros/heichips26_ook/macros/fb_clk_gen/flow/librelane/runs/RUN_2026-09-09_04-14-04/56-openroad-irdropreport/net-VGND.csv
[INFO PSM-0040] All shapes on net VGND are connected.
########## IR report #################
Net              : VGND
Corner           : nom_typ_1p20V_25C
Total power      : 2.39e-04 W
Supply voltage   : 0.00e+00 V
Worstcase voltage: 5.39e-04 V
Average voltage  : 2.68e-04 V
Average IR drop  : 2.68e-04 V
Worstcase IR drop: 5.39e-04 V
Percentage drop  : 0.04 %
######################################
