
Cell sg13cmos5l_fill_2 (0) disconnected node: VDD
Cell sg13cmos5l_fill_2 (0) disconnected node: VSS
Cell sg13cmos5l_fill_2 (1) disconnected node: VDD
Cell sg13cmos5l_fill_2 (1) disconnected node: VSS

Subcircuit pins:
Circuit 1: sg13cmos5l_fill_2               |Circuit 2: sg13cmos5l_fill_2               
-------------------------------------------|-------------------------------------------
VDD                                        |VDD                                        
VSS                                        |VSS                                        
---------------------------------------------------------------------------------------
Cell pin lists are equivalent.
Device classes sg13cmos5l_fill_2 and sg13cmos5l_fill_2 are equivalent.

Cell sg13cmos5l_inv_1 (0) disconnected node: Y
Cell sg13cmos5l_inv_1 (0) disconnected node: A
Cell sg13cmos5l_inv_1 (0) disconnected node: VDD
Cell sg13cmos5l_inv_1 (0) disconnected node: VSS

Subcircuit pins:
Circuit 1: sg13cmos5l_inv_1                |Circuit 2: sg13cmos5l_inv_1                
-------------------------------------------|-------------------------------------------
Y                                          |Y                                          
A                                          |A                                          
VDD                                        |VDD                                        
VSS                                        |VSS                                        
---------------------------------------------------------------------------------------
Cell pin lists are equivalent.
Device classes sg13cmos5l_inv_1 and sg13cmos5l_inv_1 are equivalent.

Cell sg13cmos5l_o21ai_1 (0) disconnected node: Y
Cell sg13cmos5l_o21ai_1 (0) disconnected node: A1
Cell sg13cmos5l_o21ai_1 (0) disconnected node: A2
Cell sg13cmos5l_o21ai_1 (0) disconnected node: B1
Cell sg13cmos5l_o21ai_1 (0) disconnected node: VDD
Cell sg13cmos5l_o21ai_1 (0) disconnected node: VSS

Subcircuit pins:
Circuit 1: sg13cmos5l_o21ai_1              |Circuit 2: sg13cmos5l_o21ai_1              
-------------------------------------------|-------------------------------------------
Y                                          |Y                                          
A1                                         |A1                                         
A2                                         |A2                                         
B1                                         |B1                                         
VDD                                        |VDD                                        
VSS                                        |VSS                                        
---------------------------------------------------------------------------------------
Cell pin lists are equivalent.
Device classes sg13cmos5l_o21ai_1 and sg13cmos5l_o21ai_1 are equivalent.

Cell sg13cmos5l_decap_8 (0) disconnected node: VDD
Cell sg13cmos5l_decap_8 (0) disconnected node: VSS

Subcircuit pins:
Circuit 1: sg13cmos5l_decap_8              |Circuit 2: sg13cmos5l_decap_8              
-------------------------------------------|-------------------------------------------
VDD                                        |VDD                                        
VSS                                        |VSS                                        
---------------------------------------------------------------------------------------
Cell pin lists are equivalent.
Device classes sg13cmos5l_decap_8 and sg13cmos5l_decap_8 are equivalent.

Cell sg13cmos5l_nand4_1 (0) disconnected node: Y
Cell sg13cmos5l_nand4_1 (0) disconnected node: A
Cell sg13cmos5l_nand4_1 (0) disconnected node: B
Cell sg13cmos5l_nand4_1 (0) disconnected node: C
Cell sg13cmos5l_nand4_1 (0) disconnected node: D
Cell sg13cmos5l_nand4_1 (0) disconnected node: VDD
Cell sg13cmos5l_nand4_1 (0) disconnected node: VSS

Subcircuit pins:
Circuit 1: sg13cmos5l_nand4_1              |Circuit 2: sg13cmos5l_nand4_1              
-------------------------------------------|-------------------------------------------
Y                                          |Y                                          
A                                          |A                                          
B                                          |B                                          
C                                          |C                                          
D                                          |D                                          
VDD                                        |VDD                                        
VSS                                        |VSS                                        
---------------------------------------------------------------------------------------
Cell pin lists are equivalent.
Device classes sg13cmos5l_nand4_1 and sg13cmos5l_nand4_1 are equivalent.

Cell sg13cmos5l_decap_4 (0) disconnected node: VDD
Cell sg13cmos5l_decap_4 (0) disconnected node: VSS

Subcircuit pins:
Circuit 1: sg13cmos5l_decap_4              |Circuit 2: sg13cmos5l_decap_4              
-------------------------------------------|-------------------------------------------
VDD                                        |VDD                                        
VSS                                        |VSS                                        
---------------------------------------------------------------------------------------
Cell pin lists are equivalent.
Device classes sg13cmos5l_decap_4 and sg13cmos5l_decap_4 are equivalent.

Cell sg13cmos5l_fill_1 (0) disconnected node: VDD
Cell sg13cmos5l_fill_1 (0) disconnected node: VSS
Cell sg13cmos5l_fill_1 (1) disconnected node: VDD
Cell sg13cmos5l_fill_1 (1) disconnected node: VSS

Subcircuit pins:
Circuit 1: sg13cmos5l_fill_1               |Circuit 2: sg13cmos5l_fill_1               
-------------------------------------------|-------------------------------------------
VDD                                        |VDD                                        
VSS                                        |VSS                                        
---------------------------------------------------------------------------------------
Cell pin lists are equivalent.
Device classes sg13cmos5l_fill_1 and sg13cmos5l_fill_1 are equivalent.

Cell sg13cmos5l_tiehi (0) disconnected node: L_HI
Cell sg13cmos5l_tiehi (0) disconnected node: VDD
Cell sg13cmos5l_tiehi (0) disconnected node: VSS

Subcircuit pins:
Circuit 1: sg13cmos5l_tiehi                |Circuit 2: sg13cmos5l_tiehi                
-------------------------------------------|-------------------------------------------
L_HI                                       |L_HI                                       
VDD                                        |VDD                                        
VSS                                        |VSS                                        
---------------------------------------------------------------------------------------
Cell pin lists are equivalent.
Device classes sg13cmos5l_tiehi and sg13cmos5l_tiehi are equivalent.

Cell sg13cmos5l_dfrbpq_1 (0) disconnected node: Q
Cell sg13cmos5l_dfrbpq_1 (0) disconnected node: CLK
Cell sg13cmos5l_dfrbpq_1 (0) disconnected node: D
Cell sg13cmos5l_dfrbpq_1 (0) disconnected node: RESET_B
Cell sg13cmos5l_dfrbpq_1 (0) disconnected node: VDD
Cell sg13cmos5l_dfrbpq_1 (0) disconnected node: VSS

Subcircuit pins:
Circuit 1: sg13cmos5l_dfrbpq_1             |Circuit 2: sg13cmos5l_dfrbpq_1             
-------------------------------------------|-------------------------------------------
Q                                          |Q                                          
CLK                                        |CLK                                        
D                                          |D                                          
RESET_B                                    |RESET_B                                    
VDD                                        |VDD                                        
VSS                                        |VSS                                        
---------------------------------------------------------------------------------------
Cell pin lists are equivalent.
Device classes sg13cmos5l_dfrbpq_1 and sg13cmos5l_dfrbpq_1 are equivalent.

Cell sg13cmos5l_nand2_1 (0) disconnected node: Y
Cell sg13cmos5l_nand2_1 (0) disconnected node: A
Cell sg13cmos5l_nand2_1 (0) disconnected node: B
Cell sg13cmos5l_nand2_1 (0) disconnected node: VDD
Cell sg13cmos5l_nand2_1 (0) disconnected node: VSS

Subcircuit pins:
Circuit 1: sg13cmos5l_nand2_1              |Circuit 2: sg13cmos5l_nand2_1              
-------------------------------------------|-------------------------------------------
Y                                          |Y                                          
A                                          |A                                          
B                                          |B                                          
VDD                                        |VDD                                        
VSS                                        |VSS                                        
---------------------------------------------------------------------------------------
Cell pin lists are equivalent.
Device classes sg13cmos5l_nand2_1 and sg13cmos5l_nand2_1 are equivalent.

Cell sg13cmos5l_and2_1 (0) disconnected node: X
Cell sg13cmos5l_and2_1 (0) disconnected node: A
Cell sg13cmos5l_and2_1 (0) disconnected node: B
Cell sg13cmos5l_and2_1 (0) disconnected node: VDD
Cell sg13cmos5l_and2_1 (0) disconnected node: VSS

Subcircuit pins:
Circuit 1: sg13cmos5l_and2_1               |Circuit 2: sg13cmos5l_and2_1               
-------------------------------------------|-------------------------------------------
X                                          |X                                          
A                                          |A                                          
B                                          |B                                          
VDD                                        |VDD                                        
VSS                                        |VSS                                        
---------------------------------------------------------------------------------------
Cell pin lists are equivalent.
Device classes sg13cmos5l_and2_1 and sg13cmos5l_and2_1 are equivalent.

Cell sg13cmos5l_xnor2_1 (0) disconnected node: Y
Cell sg13cmos5l_xnor2_1 (0) disconnected node: A
Cell sg13cmos5l_xnor2_1 (0) disconnected node: B
Cell sg13cmos5l_xnor2_1 (0) disconnected node: VDD
Cell sg13cmos5l_xnor2_1 (0) disconnected node: VSS

Subcircuit pins:
Circuit 1: sg13cmos5l_xnor2_1              |Circuit 2: sg13cmos5l_xnor2_1              
-------------------------------------------|-------------------------------------------
Y                                          |Y                                          
A                                          |A                                          
B                                          |B                                          
VDD                                        |VDD                                        
VSS                                        |VSS                                        
---------------------------------------------------------------------------------------
Cell pin lists are equivalent.
Device classes sg13cmos5l_xnor2_1 and sg13cmos5l_xnor2_1 are equivalent.

Cell sg13cmos5l_nor4_1 (0) disconnected node: Y
Cell sg13cmos5l_nor4_1 (0) disconnected node: A
Cell sg13cmos5l_nor4_1 (0) disconnected node: B
Cell sg13cmos5l_nor4_1 (0) disconnected node: C
Cell sg13cmos5l_nor4_1 (0) disconnected node: D
Cell sg13cmos5l_nor4_1 (0) disconnected node: VDD
Cell sg13cmos5l_nor4_1 (0) disconnected node: VSS

Subcircuit pins:
Circuit 1: sg13cmos5l_nor4_1               |Circuit 2: sg13cmos5l_nor4_1               
-------------------------------------------|-------------------------------------------
Y                                          |Y                                          
A                                          |A                                          
B                                          |B                                          
C                                          |C                                          
D                                          |D                                          
VDD                                        |VDD                                        
VSS                                        |VSS                                        
---------------------------------------------------------------------------------------
Cell pin lists are equivalent.
Device classes sg13cmos5l_nor4_1 and sg13cmos5l_nor4_1 are equivalent.

Cell sg13cmos5l_and4_2 (0) disconnected node: X
Cell sg13cmos5l_and4_2 (0) disconnected node: A
Cell sg13cmos5l_and4_2 (0) disconnected node: B
Cell sg13cmos5l_and4_2 (0) disconnected node: C
Cell sg13cmos5l_and4_2 (0) disconnected node: D
Cell sg13cmos5l_and4_2 (0) disconnected node: VDD
Cell sg13cmos5l_and4_2 (0) disconnected node: VSS

Subcircuit pins:
Circuit 1: sg13cmos5l_and4_2               |Circuit 2: sg13cmos5l_and4_2               
-------------------------------------------|-------------------------------------------
X                                          |X                                          
A                                          |A                                          
B                                          |B                                          
C                                          |C                                          
D                                          |D                                          
VDD                                        |VDD                                        
VSS                                        |VSS                                        
---------------------------------------------------------------------------------------
Cell pin lists are equivalent.
Device classes sg13cmos5l_and4_2 and sg13cmos5l_and4_2 are equivalent.

Cell sg13cmos5l_nand3_1 (0) disconnected node: Y
Cell sg13cmos5l_nand3_1 (0) disconnected node: A
Cell sg13cmos5l_nand3_1 (0) disconnected node: B
Cell sg13cmos5l_nand3_1 (0) disconnected node: C
Cell sg13cmos5l_nand3_1 (0) disconnected node: VDD
Cell sg13cmos5l_nand3_1 (0) disconnected node: VSS

Subcircuit pins:
Circuit 1: sg13cmos5l_nand3_1              |Circuit 2: sg13cmos5l_nand3_1              
-------------------------------------------|-------------------------------------------
Y                                          |Y                                          
A                                          |A                                          
B                                          |B                                          
C                                          |C                                          
VDD                                        |VDD                                        
VSS                                        |VSS                                        
---------------------------------------------------------------------------------------
Cell pin lists are equivalent.
Device classes sg13cmos5l_nand3_1 and sg13cmos5l_nand3_1 are equivalent.

Cell sg13cmos5l_and3_1 (0) disconnected node: X
Cell sg13cmos5l_and3_1 (0) disconnected node: A
Cell sg13cmos5l_and3_1 (0) disconnected node: B
Cell sg13cmos5l_and3_1 (0) disconnected node: C
Cell sg13cmos5l_and3_1 (0) disconnected node: VDD
Cell sg13cmos5l_and3_1 (0) disconnected node: VSS

Subcircuit pins:
Circuit 1: sg13cmos5l_and3_1               |Circuit 2: sg13cmos5l_and3_1               
-------------------------------------------|-------------------------------------------
X                                          |X                                          
A                                          |A                                          
B                                          |B                                          
C                                          |C                                          
VDD                                        |VDD                                        
VSS                                        |VSS                                        
---------------------------------------------------------------------------------------
Cell pin lists are equivalent.
Device classes sg13cmos5l_and3_1 and sg13cmos5l_and3_1 are equivalent.

Cell sg13cmos5l_buf_8 (0) disconnected node: X
Cell sg13cmos5l_buf_8 (0) disconnected node: A
Cell sg13cmos5l_buf_8 (0) disconnected node: VDD
Cell sg13cmos5l_buf_8 (0) disconnected node: VSS

Subcircuit pins:
Circuit 1: sg13cmos5l_buf_8                |Circuit 2: sg13cmos5l_buf_8                
-------------------------------------------|-------------------------------------------
X                                          |X                                          
A                                          |A                                          
VDD                                        |VDD                                        
VSS                                        |VSS                                        
---------------------------------------------------------------------------------------
Cell pin lists are equivalent.
Device classes sg13cmos5l_buf_8 and sg13cmos5l_buf_8 are equivalent.

Cell sg13cmos5l_nor3_2 (0) disconnected node: Y
Cell sg13cmos5l_nor3_2 (0) disconnected node: A
Cell sg13cmos5l_nor3_2 (0) disconnected node: B
Cell sg13cmos5l_nor3_2 (0) disconnected node: C
Cell sg13cmos5l_nor3_2 (0) disconnected node: VDD
Cell sg13cmos5l_nor3_2 (0) disconnected node: VSS

Subcircuit pins:
Circuit 1: sg13cmos5l_nor3_2               |Circuit 2: sg13cmos5l_nor3_2               
-------------------------------------------|-------------------------------------------
Y                                          |Y                                          
A                                          |A                                          
B                                          |B                                          
C                                          |C                                          
VDD                                        |VDD                                        
VSS                                        |VSS                                        
---------------------------------------------------------------------------------------
Cell pin lists are equivalent.
Device classes sg13cmos5l_nor3_2 and sg13cmos5l_nor3_2 are equivalent.

Cell sg13cmos5l_nand3b_1 (0) disconnected node: Y
Cell sg13cmos5l_nand3b_1 (0) disconnected node: A_N
Cell sg13cmos5l_nand3b_1 (0) disconnected node: B
Cell sg13cmos5l_nand3b_1 (0) disconnected node: C
Cell sg13cmos5l_nand3b_1 (0) disconnected node: VDD
Cell sg13cmos5l_nand3b_1 (0) disconnected node: VSS

Subcircuit pins:
Circuit 1: sg13cmos5l_nand3b_1             |Circuit 2: sg13cmos5l_nand3b_1             
-------------------------------------------|-------------------------------------------
Y                                          |Y                                          
A_N                                        |A_N                                        
B                                          |B                                          
C                                          |C                                          
VDD                                        |VDD                                        
VSS                                        |VSS                                        
---------------------------------------------------------------------------------------
Cell pin lists are equivalent.
Device classes sg13cmos5l_nand3b_1 and sg13cmos5l_nand3b_1 are equivalent.

Cell sg13cmos5l_or2_2 (0) disconnected node: X
Cell sg13cmos5l_or2_2 (0) disconnected node: A
Cell sg13cmos5l_or2_2 (0) disconnected node: B
Cell sg13cmos5l_or2_2 (0) disconnected node: VDD
Cell sg13cmos5l_or2_2 (0) disconnected node: VSS

Subcircuit pins:
Circuit 1: sg13cmos5l_or2_2                |Circuit 2: sg13cmos5l_or2_2                
-------------------------------------------|-------------------------------------------
X                                          |X                                          
A                                          |A                                          
B                                          |B                                          
VDD                                        |VDD                                        
VSS                                        |VSS                                        
---------------------------------------------------------------------------------------
Cell pin lists are equivalent.
Device classes sg13cmos5l_or2_2 and sg13cmos5l_or2_2 are equivalent.

Cell sg13cmos5l_nand2b_1 (0) disconnected node: Y
Cell sg13cmos5l_nand2b_1 (0) disconnected node: A_N
Cell sg13cmos5l_nand2b_1 (0) disconnected node: B
Cell sg13cmos5l_nand2b_1 (0) disconnected node: VDD
Cell sg13cmos5l_nand2b_1 (0) disconnected node: VSS

Subcircuit pins:
Circuit 1: sg13cmos5l_nand2b_1             |Circuit 2: sg13cmos5l_nand2b_1             
-------------------------------------------|-------------------------------------------
Y                                          |Y                                          
A_N                                        |A_N                                        
B                                          |B                                          
VDD                                        |VDD                                        
VSS                                        |VSS                                        
---------------------------------------------------------------------------------------
Cell pin lists are equivalent.
Device classes sg13cmos5l_nand2b_1 and sg13cmos5l_nand2b_1 are equivalent.

Cell sg13cmos5l_a21oi_1 (0) disconnected node: Y
Cell sg13cmos5l_a21oi_1 (0) disconnected node: A1
Cell sg13cmos5l_a21oi_1 (0) disconnected node: A2
Cell sg13cmos5l_a21oi_1 (0) disconnected node: B1
Cell sg13cmos5l_a21oi_1 (0) disconnected node: VDD
Cell sg13cmos5l_a21oi_1 (0) disconnected node: VSS

Subcircuit pins:
Circuit 1: sg13cmos5l_a21oi_1              |Circuit 2: sg13cmos5l_a21oi_1              
-------------------------------------------|-------------------------------------------
Y                                          |Y                                          
A1                                         |A1                                         
A2                                         |A2                                         
B1                                         |B1                                         
VDD                                        |VDD                                        
VSS                                        |VSS                                        
---------------------------------------------------------------------------------------
Cell pin lists are equivalent.
Device classes sg13cmos5l_a21oi_1 and sg13cmos5l_a21oi_1 are equivalent.

Cell sg13cmos5l_or3_1 (0) disconnected node: X
Cell sg13cmos5l_or3_1 (0) disconnected node: A
Cell sg13cmos5l_or3_1 (0) disconnected node: B
Cell sg13cmos5l_or3_1 (0) disconnected node: C
Cell sg13cmos5l_or3_1 (0) disconnected node: VDD
Cell sg13cmos5l_or3_1 (0) disconnected node: VSS

Subcircuit pins:
Circuit 1: sg13cmos5l_or3_1                |Circuit 2: sg13cmos5l_or3_1                
-------------------------------------------|-------------------------------------------
X                                          |X                                          
A                                          |A                                          
B                                          |B                                          
C                                          |C                                          
VDD                                        |VDD                                        
VSS                                        |VSS                                        
---------------------------------------------------------------------------------------
Cell pin lists are equivalent.
Device classes sg13cmos5l_or3_1 and sg13cmos5l_or3_1 are equivalent.

Cell sg13cmos5l_buf_1 (0) disconnected node: X
Cell sg13cmos5l_buf_1 (0) disconnected node: A
Cell sg13cmos5l_buf_1 (0) disconnected node: VDD
Cell sg13cmos5l_buf_1 (0) disconnected node: VSS

Subcircuit pins:
Circuit 1: sg13cmos5l_buf_1                |Circuit 2: sg13cmos5l_buf_1                
-------------------------------------------|-------------------------------------------
X                                          |X                                          
A                                          |A                                          
VDD                                        |VDD                                        
VSS                                        |VSS                                        
---------------------------------------------------------------------------------------
Cell pin lists are equivalent.
Device classes sg13cmos5l_buf_1 and sg13cmos5l_buf_1 are equivalent.

Cell sg13cmos5l_a221oi_1 (0) disconnected node: Y
Cell sg13cmos5l_a221oi_1 (0) disconnected node: A1
Cell sg13cmos5l_a221oi_1 (0) disconnected node: A2
Cell sg13cmos5l_a221oi_1 (0) disconnected node: B1
Cell sg13cmos5l_a221oi_1 (0) disconnected node: B2
Cell sg13cmos5l_a221oi_1 (0) disconnected node: C1
Cell sg13cmos5l_a221oi_1 (0) disconnected node: VDD
Cell sg13cmos5l_a221oi_1 (0) disconnected node: VSS

Subcircuit pins:
Circuit 1: sg13cmos5l_a221oi_1             |Circuit 2: sg13cmos5l_a221oi_1             
-------------------------------------------|-------------------------------------------
Y                                          |Y                                          
A1                                         |A1                                         
A2                                         |A2                                         
B1                                         |B1                                         
B2                                         |B2                                         
C1                                         |C1                                         
VDD                                        |VDD                                        
VSS                                        |VSS                                        
---------------------------------------------------------------------------------------
Cell pin lists are equivalent.
Device classes sg13cmos5l_a221oi_1 and sg13cmos5l_a221oi_1 are equivalent.

Cell sg13cmos5l_nor2b_1 (0) disconnected node: Y
Cell sg13cmos5l_nor2b_1 (0) disconnected node: A
Cell sg13cmos5l_nor2b_1 (0) disconnected node: B_N
Cell sg13cmos5l_nor2b_1 (0) disconnected node: VDD
Cell sg13cmos5l_nor2b_1 (0) disconnected node: VSS

Subcircuit pins:
Circuit 1: sg13cmos5l_nor2b_1              |Circuit 2: sg13cmos5l_nor2b_1              
-------------------------------------------|-------------------------------------------
Y                                          |Y                                          
A                                          |A                                          
B_N                                        |B_N                                        
VDD                                        |VDD                                        
VSS                                        |VSS                                        
---------------------------------------------------------------------------------------
Cell pin lists are equivalent.
Device classes sg13cmos5l_nor2b_1 and sg13cmos5l_nor2b_1 are equivalent.

Class fb_clk_gen (0):  Merged 89 parallel devices.
Class fb_clk_gen (1):  Merged 89 parallel devices.
Subcircuit summary:
Circuit 1: fb_clk_gen                      |Circuit 2: fb_clk_gen                      
-------------------------------------------|-------------------------------------------
sg13cmos5l_fill_2 (20->1)                  |sg13cmos5l_fill_2 (20->1)                  
sg13cmos5l_inv_1 (5)                       |sg13cmos5l_inv_1 (5)                       
sg13cmos5l_o21ai_1 (4)                     |sg13cmos5l_o21ai_1 (4)                     
sg13cmos5l_decap_8 (35->1)                 |sg13cmos5l_decap_8 (35->1)                 
sg13cmos5l_nand4_1 (3)                     |sg13cmos5l_nand4_1 (3)                     
sg13cmos5l_decap_4 (13->1)                 |sg13cmos5l_decap_4 (13->1)                 
sg13cmos5l_fill_1 (25->1)                  |sg13cmos5l_fill_1 (25->1)                  
sg13cmos5l_tiehi (11)                      |sg13cmos5l_tiehi (11)                      
sg13cmos5l_dfrbpq_1 (11)                   |sg13cmos5l_dfrbpq_1 (11)                   
sg13cmos5l_nand2_1 (5)                     |sg13cmos5l_nand2_1 (5)                     
sg13cmos5l_and2_1 (1)                      |sg13cmos5l_and2_1 (1)                      
sg13cmos5l_xnor2_1 (4)                     |sg13cmos5l_xnor2_1 (4)                     
sg13cmos5l_nor4_1 (2)                      |sg13cmos5l_nor4_1 (2)                      
sg13cmos5l_and4_2 (1)                      |sg13cmos5l_and4_2 (1)                      
sg13cmos5l_nand3_1 (1)                     |sg13cmos5l_nand3_1 (1)                     
sg13cmos5l_and3_1 (1)                      |sg13cmos5l_and3_1 (1)                      
sg13cmos5l_buf_8 (3)                       |sg13cmos5l_buf_8 (3)                       
sg13cmos5l_nor3_2 (1)                      |sg13cmos5l_nor3_2 (1)                      
sg13cmos5l_nand3b_1 (2)                    |sg13cmos5l_nand3b_1 (2)                    
sg13cmos5l_or2_2 (1)                       |sg13cmos5l_or2_2 (1)                       
sg13cmos5l_nand2b_1 (3)                    |sg13cmos5l_nand2b_1 (3)                    
sg13cmos5l_a21oi_1 (3)                     |sg13cmos5l_a21oi_1 (3)                     
sg13cmos5l_or3_1 (1)                       |sg13cmos5l_or3_1 (1)                       
sg13cmos5l_buf_1 (4)                       |sg13cmos5l_buf_1 (4)                       
sg13cmos5l_a221oi_1 (1)                    |sg13cmos5l_a221oi_1 (1)                    
sg13cmos5l_nor2b_1 (1)                     |sg13cmos5l_nor2b_1 (1)                     
Number of devices: 73                      |Number of devices: 73                      
Number of nets: 72                         |Number of nets: 72                         
---------------------------------------------------------------------------------------
Netlists match uniquely.

Subcircuit pins:
Circuit 1: fb_clk_gen                      |Circuit 2: fb_clk_gen                      
-------------------------------------------|-------------------------------------------
clk_i                                      |clk_i                                      
clk_out                                    |clk_out                                    
VPWR                                       |VPWR                                       
VGND                                       |VGND                                       
---------------------------------------------------------------------------------------
Cell pin lists are equivalent.
Device classes fb_clk_gen and fb_clk_gen are equivalent.

Final result: Circuits match uniquely.
.
