
===========================================================================
 report_power
============================================================================
======================= nom_typ_1p20V_25C Corner ===================================

Group                    Internal    Switching      Leakage        Total
                            Power        Power        Power        Power (Watts)
------------------------------------------------------------------------
Sequential           1.169015e-04 0.000000e+00 4.438885e-09 1.169060e-04  48.9%
Combinational        0.000000e+00 0.000000e+00 5.514761e-09 5.514761e-09   0.0%
Clock                9.077576e-05 3.125881e-05 3.551641e-08 1.220701e-04  51.1%
Macro                0.000000e+00 0.000000e+00 0.000000e+00 0.000000e+00   0.0%
Pad                  0.000000e+00 0.000000e+00 0.000000e+00 0.000000e+00   0.0%
------------------------------------------------------------------------
Total                2.076773e-04 3.125881e-05 4.547005e-08 2.389815e-04 100.0%
                            86.9%        13.1%         0.0%

