
===========================================================================
 report_power
============================================================================
======================= nom_fast_1p32V_m40C Corner ===================================

Group                    Internal    Switching      Leakage        Total
                            Power        Power        Power        Power (Watts)
------------------------------------------------------------------------
Sequential           1.413533e-04 0.000000e+00 9.596985e-09 1.413628e-04  48.0%
Combinational        0.000000e+00 0.000000e+00 1.413305e-08 1.413305e-08   0.0%
Clock                1.130311e-04 4.021883e-05 1.270443e-07 1.533769e-04  52.0%
Macro                0.000000e+00 0.000000e+00 0.000000e+00 0.000000e+00   0.0%
Pad                  0.000000e+00 0.000000e+00 0.000000e+00 0.000000e+00   0.0%
------------------------------------------------------------------------
Total                2.543843e-04 4.021883e-05 1.507743e-07 2.947540e-04 100.0%
                            86.3%        13.6%         0.1%

