
===========================================================================
 report_power
============================================================================
======================= nom_slow_1p08V_125C Corner ===================================

Group                    Internal    Switching      Leakage        Total
                            Power        Power        Power        Power (Watts)
------------------------------------------------------------------------
Sequential           9.354865e-05 0.000000e+00 2.101630e-08 9.356966e-05  49.3%
Combinational        0.000000e+00 0.000000e+00 1.874037e-08 1.874037e-08   0.0%
Clock                7.199489e-05 2.401828e-05 2.116565e-08 9.603434e-05  50.6%
Macro                0.000000e+00 0.000000e+00 0.000000e+00 0.000000e+00   0.0%
Pad                  0.000000e+00 0.000000e+00 0.000000e+00 0.000000e+00   0.0%
------------------------------------------------------------------------
Total                1.655436e-04 2.401828e-05 6.092232e-08 1.896228e-04 100.0%
                            87.3%        12.7%         0.0%

