110. Printing statistics.

=== fb_clk_gen ===

        +----------Local Count, excluding submodules.
        |        +-Local Area, excluding submodules.
        |        | 
       62        - wires
       62        - wire bits
       12        - public wires
       12        - public wire bits
        2        - ports
        2        - port bits
       61 1.02E+03 cells
        3   27.216   sg13cmos5l_a21oi_1
        1   14.515   sg13cmos5l_a221oi_1
        1    9.072   sg13cmos5l_and2_1
        1   12.701   sg13cmos5l_and3_1
        1    16.33   sg13cmos5l_and4_2
       11  538.877   sg13cmos5l_dfrbpq_1
        4   21.773   sg13cmos5l_inv_1
        5   36.288   sg13cmos5l_nand2_1
        3   27.216   sg13cmos5l_nand2b_1
        1    9.072   sg13cmos5l_nand3_1
        2   25.402   sg13cmos5l_nand3b_1
        3   32.659   sg13cmos5l_nand4_1
        1    9.072   sg13cmos5l_nor2b_1
        1    16.33   sg13cmos5l_nor3_2
        2   21.773   sg13cmos5l_nor4_1
        4   36.288   sg13cmos5l_o21ai_1
        1   10.886   sg13cmos5l_or2_2
        1   12.701   sg13cmos5l_or3_1
       11   79.834   sg13cmos5l_tiehi
        4   58.061   sg13cmos5l_xnor2_1

   Chip area for module '\fb_clk_gen': 1016.064000
     of which used for sequential elements: 538.876800 (53.04%)

