102. Printing statistics.

=== fb_clk_gen ===

        +----------Local Count, excluding submodules.
        |        +-Local Area, excluding submodules.
        |        | 
       35        - wires
       59        - wire bits
        4        - public wires
       12        - public wire bits
        2        - ports
        2        - port bits
       49  538.877 cells
        4        -   $_ANDNOT_
        3        -   $_AND_
        9        -   $_MUX_
        3        -   $_NAND_
        2        -   $_NOT_
        4        -   $_ORNOT_
        5        -   $_OR_
        1        -   $_XNOR_
        7        -   $_XOR_
       11  538.877   sg13cmos5l_dfrbpq_1

   Area for cell type $_ANDNOT_ is unknown!
   Area for cell type $_AND_ is unknown!
   Area for cell type $_MUX_ is unknown!
   Area for cell type $_NAND_ is unknown!
   Area for cell type $_NOT_ is unknown!
   Area for cell type $_ORNOT_ is unknown!
   Area for cell type $_OR_ is unknown!
   Area for cell type $_XNOR_ is unknown!
   Area for cell type $_XOR_ is unknown!

   Chip area for module '\fb_clk_gen': 538.876800
     of which used for sequential elements: 538.876800 (100.00%)

