+ analyze_power_grid -net VPWR -voltage_file /home/belal/HeiChips/heichips26-on-off/macros/heichips26_ook/macros/ref_clk_gen/flow/librelane/runs/RUN_2026-09-09_04-34-51/56-openroad-irdropreport/net-VPWR.csv
[INFO PSM-0040] All shapes on net VPWR are connected.
########## IR report #################
Net              : VPWR
Corner           : nom_typ_1p20V_25C
Total power      : 5.84e-05 W
Supply voltage   : 1.20e+00 V
Worstcase voltage: 1.20e+00 V
Average voltage  : 1.20e+00 V
Average IR drop  : 1.71e-04 V
Worstcase IR drop: 5.15e-04 V
Percentage drop  : 0.04 %
######################################
+ analyze_power_grid -net VGND -voltage_file /home/belal/HeiChips/heichips26-on-off/macros/heichips26_ook/macros/ref_clk_gen/flow/librelane/runs/RUN_2026-09-09_04-34-51/56-openroad-irdropreport/net-VGND.csv
[INFO PSM-0040] All shapes on net VGND are connected.
########## IR report #################
Net              : VGND
Corner           : nom_typ_1p20V_25C
Total power      : 5.84e-05 W
Supply voltage   : 0.00e+00 V
Worstcase voltage: 2.48e-04 V
Average voltage  : 1.34e-04 V
Average IR drop  : 1.34e-04 V
Worstcase IR drop: 2.48e-04 V
Percentage drop  : 0.02 %
######################################
