
===========================================================================
 report_power
============================================================================
======================= nom_typ_1p20V_25C Corner ===================================

Group                    Internal    Switching      Leakage        Total
                            Power        Power        Power        Power (Watts)
------------------------------------------------------------------------
Sequential           3.334117e-05 0.000000e+00 3.953466e-09 3.334512e-05  57.1%
Combinational        4.845327e-08 3.427153e-07 1.030962e-08 4.014782e-07   0.7%
Clock                1.756762e-05 7.083318e-06 2.660516e-08 2.467754e-05  42.2%
Macro                0.000000e+00 0.000000e+00 0.000000e+00 0.000000e+00   0.0%
Pad                  0.000000e+00 0.000000e+00 0.000000e+00 0.000000e+00   0.0%
------------------------------------------------------------------------
Total                5.095724e-05 7.426033e-06 4.086825e-08 5.842414e-05 100.0%
                            87.2%        12.7%         0.1%

