103. Printing statistics.

=== ref_clk_gen ===

        +----------Local Count, excluding submodules.
        |        +-Local Area, excluding submodules.
        |        | 
       43        - wires
       43        - wire bits
       10        - public wires
       10        - public wire bits
        3        - ports
        3        - port bits
       41  709.393 cells
        3   27.216   sg13cmos5l_a21oi_1
        1   10.849   sg13cmos5l_a22oi_1
        1    9.072   sg13cmos5l_and2_1
        1   12.701   sg13cmos5l_and3_1
        8   391.91   sg13cmos5l_dfrbpq_1
        1    5.443   sg13cmos5l_inv_1
        2   14.515   sg13cmos5l_nand2_1
        3   27.216   sg13cmos5l_nand2b_1
        3   27.216   sg13cmos5l_nand3_1
        1   12.701   sg13cmos5l_nand3b_1
        2   21.773   sg13cmos5l_nand4_1
        3   21.773   sg13cmos5l_nor2_1
        4   36.288   sg13cmos5l_nor2b_1
        1    9.072   sg13cmos5l_nor3_1
        1    16.33   sg13cmos5l_nor3_2
        4   36.288   sg13cmos5l_o21ai_1
        1   14.515   sg13cmos5l_xnor2_1
        1   14.515   sg13cmos5l_xor2_1

   Chip area for module '\ref_clk_gen': 709.392600
     of which used for sequential elements: 391.910400 (55.25%)

