95. Printing statistics.

=== ref_clk_gen ===

        +----------Local Count, excluding submodules.
        |        +-Local Area, excluding submodules.
        |        | 
       23        - wires
       35        - wire bits
        4        - public wires
       10        - public wire bits
        3        - ports
        3        - port bits
       33   391.91 cells
        7        -   $_ANDNOT_
        3        -   $_NAND_
        2        -   $_NOR_
        2        -   $_NOT_
        3        -   $_ORNOT_
        2        -   $_OR_
        6        -   $_XOR_
        8   391.91   sg13cmos5l_dfrbpq_1

   Area for cell type $_ANDNOT_ is unknown!
   Area for cell type $_NAND_ is unknown!
   Area for cell type $_NOR_ is unknown!
   Area for cell type $_NOT_ is unknown!
   Area for cell type $_ORNOT_ is unknown!
   Area for cell type $_OR_ is unknown!
   Area for cell type $_XOR_ is unknown!

   Chip area for module '\ref_clk_gen': 391.910400
     of which used for sequential elements: 391.910400 (100.00%)

