89. Printing statistics.

=== ref_clk_gen ===

        +----------Local Count, excluding submodules.
        | 
       23 wires
       35 wire bits
        4 public wires
       10 public wire bits
        3 ports
        3 port bits
       33 cells
        7   $_ANDNOT_
        8   $_DFF_PN0_
        3   $_NAND_
        2   $_NOR_
        2   $_NOT_
        3   $_ORNOT_
        2   $_OR_
        6   $_XOR_

   Area for cell type $_ANDNOT_ is unknown!
   Area for cell type $_DFF_PN0_ is unknown!
   Area for cell type $_NAND_ is unknown!
   Area for cell type $_NOR_ is unknown!
   Area for cell type $_NOT_ is unknown!
   Area for cell type $_ORNOT_ is unknown!
   Area for cell type $_OR_ is unknown!
   Area for cell type $_XOR_ is unknown!

