
Circuit 1 cell sg13_lv_pmos and Circuit 2 cell sg13_lv_pmos are black boxes.
Warning: Equate pins:  cell sg13_lv_pmos is a placeholder, treated as a black box.
Warning: Equate pins:  cell sg13_lv_pmos is a placeholder, treated as a black box.

Subcircuit pins:
Circuit 1: sg13_lv_pmos                    |Circuit 2: sg13_lv_pmos                    
-------------------------------------------|-------------------------------------------
1                                          |1                                          
2                                          |2                                          
3                                          |3                                          
4                                          |4                                          
---------------------------------------------------------------------------------------
Cell pin lists are equivalent.
Device classes sg13_lv_pmos and sg13_lv_pmos are equivalent.

Circuit 1 cell sg13_lv_nmos and Circuit 2 cell sg13_lv_nmos are black boxes.
Warning: Equate pins:  cell sg13_lv_nmos is a placeholder, treated as a black box.
Warning: Equate pins:  cell sg13_lv_nmos is a placeholder, treated as a black box.

Subcircuit pins:
Circuit 1: sg13_lv_nmos                    |Circuit 2: sg13_lv_nmos                    
-------------------------------------------|-------------------------------------------
1                                          |1                                          
2                                          |2                                          
3                                          |3                                          
4                                          |4                                          
---------------------------------------------------------------------------------------
Cell pin lists are equivalent.
Device classes sg13_lv_nmos and sg13_lv_nmos are equivalent.

Circuit 1 cell rhigh and Circuit 2 cell rhigh are black boxes.
Warning: Equate pins:  cell rhigh is a placeholder, treated as a black box.
Warning: Equate pins:  cell rhigh is a placeholder, treated as a black box.

Subcircuit pins:
Circuit 1: rhigh                           |Circuit 2: rhigh                           
-------------------------------------------|-------------------------------------------
1                                          |1                                          
2                                          |2                                          
3                                          |3                                          
---------------------------------------------------------------------------------------
Cell pin lists are equivalent.
Device classes rhigh and rhigh are equivalent.

Circuit 1 cell rsil and Circuit 2 cell rsil are black boxes.
Warning: Equate pins:  cell rsil is a placeholder, treated as a black box.
Warning: Equate pins:  cell rsil is a placeholder, treated as a black box.

Subcircuit pins:
Circuit 1: rsil                            |Circuit 2: rsil                            
-------------------------------------------|-------------------------------------------
1                                          |1                                          
2                                          |2                                          
3                                          |3                                          
---------------------------------------------------------------------------------------
Cell pin lists are equivalent.
Device classes rsil and rsil are equivalent.
Flattening unmatched subcell vco in circuit ook_transmitter (1)(1 instance)
Flattening unmatched subcell output_buffer in circuit ook_transmitter (1)(1 instance)
Flattening unmatched subcell dac in circuit ook_transmitter (1)(1 instance)
Flattening unmatched subcell sg13cmos5l_fill_2 in circuit ook_transmitter (1)(178 instances)
Flattening unmatched subcell sg13cmos5l_a221oi_1 in circuit ook_transmitter (1)(21 instances)
Flattening unmatched subcell sg13cmos5l_fill_1 in circuit ook_transmitter (1)(169 instances)
Flattening unmatched subcell sg13cmos5l_nand2_1 in circuit ook_transmitter (1)(60 instances)
Flattening unmatched subcell sg13cmos5l_o21ai_1 in circuit ook_transmitter (1)(77 instances)
Flattening unmatched subcell sg13cmos5l_decap_8 in circuit ook_transmitter (1)(66 instances)
Flattening unmatched subcell sg13cmos5l_nor3_1 in circuit ook_transmitter (1)(23 instances)
Flattening unmatched subcell sg13cmos5l_a21oi_1 in circuit ook_transmitter (1)(46 instances)
Flattening unmatched subcell sg13cmos5l_and2_1 in circuit ook_transmitter (1)(29 instances)
Flattening unmatched subcell sg13cmos5l_nor2_1 in circuit ook_transmitter (1)(57 instances)
Flattening unmatched subcell sg13cmos5l_buf_8 in circuit ook_transmitter (1)(27 instances)
Flattening unmatched subcell sg13cmos5l_dfrbpq_1 in circuit ook_transmitter (1)(69 instances)
Flattening unmatched subcell sg13cmos5l_buf_1 in circuit ook_transmitter (1)(62 instances)
Flattening unmatched subcell sg13cmos5l_and3_1 in circuit ook_transmitter (1)(9 instances)
Flattening unmatched subcell sg13cmos5l_dlygate4sd3_1 in circuit ook_transmitter (1)(83 instances)
Flattening unmatched subcell sg13cmos5l_nor2b_1 in circuit ook_transmitter (1)(13 instances)
Flattening unmatched subcell sg13cmos5l_xnor2_1 in circuit ook_transmitter (1)(34 instances)
Flattening unmatched subcell sg13cmos5l_nand3_1 in circuit ook_transmitter (1)(17 instances)
Flattening unmatched subcell sg13cmos5l_a22oi_1 in circuit ook_transmitter (1)(15 instances)
Flattening unmatched subcell sg13cmos5l_decap_4 in circuit ook_transmitter (1)(40 instances)
Flattening unmatched subcell sg13cmos5l_or3_1 in circuit ook_transmitter (1)(3 instances)
Flattening unmatched subcell sg13cmos5l_a21o_1 in circuit ook_transmitter (1)(19 instances)
Flattening unmatched subcell sg13cmos5l_nor4_1 in circuit ook_transmitter (1)(10 instances)
Flattening unmatched subcell sg13cmos5l_xor2_1 in circuit ook_transmitter (1)(23 instances)
Flattening unmatched subcell sg13cmos5l_nand3b_1 in circuit ook_transmitter (1)(4 instances)
Flattening unmatched subcell sg13cmos5l_or2_1 in circuit ook_transmitter (1)(13 instances)
Flattening unmatched subcell sg13cmos5l_mux2_1 in circuit ook_transmitter (1)(7 instances)
Flattening unmatched subcell sg13cmos5l_inv_1 in circuit ook_transmitter (1)(35 instances)
Flattening unmatched subcell sg13cmos5l_nand2b_1 in circuit ook_transmitter (1)(13 instances)
Flattening unmatched subcell sg13cmos5l_or4_1 in circuit ook_transmitter (1)(2 instances)
Flattening unmatched subcell sg13cmos5l_nand4_1 in circuit ook_transmitter (1)(2 instances)

Class ook_transmitter (0):  Merged 1121 parallel devices.
Class ook_transmitter (1):  Merged 236 parallel devices.
Subcircuit summary:
Circuit 1: ook_transmitter                 |Circuit 2: ook_transmitter                 
-------------------------------------------|-------------------------------------------
sg13_lv_nmos (3814->3296)                  |sg13_lv_nmos (3414->3296)                  
sg13_lv_pmos (3899->3296)                  |sg13_lv_pmos (3414->3296)                  
rsil (1)                                   |rsil (1)                                   
rhigh (2)                                  |rhigh (2)                                  
Number of devices: 6595                    |Number of devices: 6595                    
Number of nets: 3298                       |Number of nets: 3298                       
---------------------------------------------------------------------------------------
Netlists match uniquely with property errors.
rhigh:6610 vs. rhigh:R1:
 l circuit1: 0.00018436   circuit2: 6.1395e-05   (delta=100%, cutoff=1%)
rhigh:6610 vs. rhigh:R1:
Property mm_ok in circuit2 has no matching property in circuit1
rhigh:6610 vs. rhigh:R1:
Property ps in circuit2 has no matching property in circuit1
rhigh:6610 vs. rhigh:R1:
Property mm_ok in circuit2 has no matching property in circuit1
rhigh:6610 vs. rhigh:R1:
Property ps in circuit2 has no matching property in circuit1
rhigh:6156 vs. vco:1/rhigh:R1:
Property mm_ok in circuit2 has no matching property in circuit1
rhigh:6156 vs. vco:1/rhigh:R1:
Property mm_ok in circuit2 has no matching property in circuit1
rsil:4092 vs. rsil:R2:
Property mm_ok in circuit2 has no matching property in circuit1
rsil:4092 vs. rsil:R2:
Property mm_ok in circuit2 has no matching property in circuit1
sg13_lv_pmos:274 vs. vco:1/sg13_lv_pmos:M1:
Property mm_ok in circuit2 has no matching property in circuit1
sg13_lv_pmos:175 vs. vco:1/sg13_lv_pmos:M3:
Property mm_ok in circuit2 has no matching property in circuit1
sg13_lv_pmos:244 vs. vco:1/sg13_lv_pmos:M5:
Property mm_ok in circuit2 has no matching property in circuit1
sg13_lv_pmos:997 vs. vco:1/sg13_lv_pmos:M15:
Property mm_ok in circuit2 has no matching property in circuit1
sg13_lv_pmos:505 vs. vco:1/sg13_lv_pmos:M17:
Property mm_ok in circuit2 has no matching property in circuit1
sg13_lv_pmos:251 vs. vco:1/sg13_lv_pmos:M19:
Property mm_ok in circuit2 has no matching property in circuit1
sg13_lv_pmos:251 vs. vco:1/sg13_lv_pmos:M19:
Property mm_ok in circuit2 has no matching property in circuit1
sg13_lv_pmos:251 vs. vco:1/sg13_lv_pmos:M19:
Property mm_ok in circuit2 has no matching property in circuit1
sg13_lv_pmos:251 vs. vco:1/sg13_lv_pmos:M19:
Property mm_ok in circuit2 has no matching property in circuit1
sg13_lv_pmos:251 vs. vco:1/sg13_lv_pmos:M19:
Property mm_ok in circuit2 has no matching property in circuit1
sg13_lv_pmos:251 vs. vco:1/sg13_lv_pmos:M19:
Property mm_ok in circuit2 has no matching property in circuit1
sg13_lv_pmos:251 vs. vco:1/sg13_lv_pmos:M19:
Property mm_ok in circuit2 has no matching property in circuit1
sg13_lv_pmos:251 vs. vco:1/sg13_lv_pmos:M19:
Property mm_ok in circuit2 has no matching property in circuit1
sg13_lv_pmos:251 vs. vco:1/sg13_lv_pmos:M19:
Property mm_ok in circuit2 has no matching property in circuit1
sg13_lv_pmos:1466 vs. vco:1/sg13_lv_pmos:M20:
Property mm_ok in circuit2 has no matching property in circuit1
sg13_lv_pmos:1466 vs. vco:1/sg13_lv_pmos:M20:
Property mm_ok in circuit2 has no matching property in circuit1
sg13_lv_pmos:1594 vs. vco:1/sg13_lv_pmos:M31:
Property mm_ok in circuit2 has no matching property in circuit1
sg13_lv_pmos:1594 vs. vco:1/sg13_lv_pmos:M31:
Property mm_ok in circuit2 has no matching property in circuit1
sg13_lv_pmos:1594 vs. vco:1/sg13_lv_pmos:M31:
Property mm_ok in circuit2 has no matching property in circuit1
sg13_lv_pmos:1594 vs. vco:1/sg13_lv_pmos:M31:
Property mm_ok in circuit2 has no matching property in circuit1
sg13_lv_pmos:1296 vs. vco:1/sg13_lv_pmos:M32:
Property mm_ok in circuit2 has no matching property in circuit1
sg13_lv_pmos:1296 vs. vco:1/sg13_lv_pmos:M32:
Property mm_ok in circuit2 has no matching property in circuit1
sg13_lv_pmos:1296 vs. vco:1/sg13_lv_pmos:M32:
Property mm_ok in circuit2 has no matching property in circuit1
sg13_lv_pmos:1296 vs. vco:1/sg13_lv_pmos:M32:
Property mm_ok in circuit2 has no matching property in circuit1
sg13_lv_pmos:411 vs. vco:1/sg13_lv_pmos:M30:
Property mm_ok in circuit2 has no matching property in circuit1
sg13_lv_pmos:411 vs. vco:1/sg13_lv_pmos:M30:
Property mm_ok in circuit2 has no matching property in circuit1
sg13_lv_pmos:411 vs. vco:1/sg13_lv_pmos:M30:
Property mm_ok in circuit2 has no matching property in circuit1
sg13_lv_pmos:411 vs. vco:1/sg13_lv_pmos:M30:
Property mm_ok in circuit2 has no matching property in circuit1
sg13_lv_pmos:289 vs. output_buffer:2/sg13_lv_pmos:M7:
Property mm_ok in circuit2 has no matching property in circuit1
sg13_lv_pmos:346 vs. output_buffer:2/sg13_lv_pmos:M5:
Property mm_ok in circuit2 has no matching property in circuit1
sg13_lv_pmos:161 vs. output_buffer:2/sg13_lv_pmos:M11:
Property mm_ok in circuit2 has no matching property in circuit1
sg13_lv_pmos:2373 vs. output_buffer:2/sg13_lv_pmos:M24:
Property mm_ok in circuit2 has no matching property in circuit1
sg13_lv_pmos:2373 vs. output_buffer:2/sg13_lv_pmos:M24:
Property mm_ok in circuit2 has no matching property in circuit1
sg13_lv_pmos:4184 vs. output_buffer:2/sg13_lv_pmos:M25:
Property mm_ok in circuit2 has no matching property in circuit1
sg13_lv_pmos:3158 vs. vco:1/sg13_lv_pmos:M24:
Property mm_ok in circuit2 has no matching property in circuit1
sg13_lv_pmos:3158 vs. vco:1/sg13_lv_pmos:M24:
Property mm_ok in circuit2 has no matching property in circuit1
sg13_lv_pmos:881 vs. vco:1/sg13_lv_pmos:M47:
Property mm_ok in circuit2 has no matching property in circuit1
sg13_lv_pmos:881 vs. vco:1/sg13_lv_pmos:M47:
Property mm_ok in circuit2 has no matching property in circuit1
sg13_lv_pmos:293 vs. output_buffer:2/sg13_lv_pmos:M18:
Property mm_ok in circuit2 has no matching property in circuit1
sg13_lv_pmos:6637 vs. output_buffer:2/sg13_lv_pmos:M30:
Property mm_ok in circuit2 has no matching property in circuit1
sg13_lv_pmos:6637 vs. output_buffer:2/sg13_lv_pmos:M30:
Property mm_ok in circuit2 has no matching property in circuit1
sg13_lv_pmos:6505 vs. vco:1/sg13_lv_pmos:M46:
Property mm_ok in circuit2 has no matching property in circuit1
sg13_lv_pmos:6505 vs. vco:1/sg13_lv_pmos:M46:
Property mm_ok in circuit2 has no matching property in circuit1
sg13_lv_pmos:2567 vs. vco:1/sg13_lv_pmos:M53:
Property mm_ok in circuit2 has no matching property in circuit1
sg13_lv_pmos:2567 vs. vco:1/sg13_lv_pmos:M53:
Property mm_ok in circuit2 has no matching property in circuit1
sg13_lv_pmos:2202 vs. vco:1/sg13_lv_pmos:M45:
Property mm_ok in circuit2 has no matching property in circuit1
sg13_lv_pmos:2202 vs. vco:1/sg13_lv_pmos:M45:
Property mm_ok in circuit2 has no matching property in circuit1
sg13_lv_pmos:1580 vs. output_buffer:2/sg13_lv_pmos:M34:
Property mm_ok in circuit2 has no matching property in circuit1
sg13_lv_pmos:1580 vs. output_buffer:2/sg13_lv_pmos:M34:
Property mm_ok in circuit2 has no matching property in circuit1
sg13_lv_pmos:109 vs. output_buffer:2/sg13_lv_pmos:M1:
Property mm_ok in circuit2 has no matching property in circuit1
sg13_lv_pmos:885 vs. output_buffer:2/sg13_lv_pmos:M3:
Property mm_ok in circuit2 has no matching property in circuit1
sg13_lv_pmos:627 vs. vco:1/sg13_lv_pmos:M7:
Property mm_ok in circuit2 has no matching property in circuit1
sg13_lv_pmos:1455 vs. vco:1/sg13_lv_pmos:M9:
Property mm_ok in circuit2 has no matching property in circuit1
sg13_lv_pmos:862 vs. vco:1/sg13_lv_pmos:M10:
Property mm_ok in circuit2 has no matching property in circuit1
sg13_lv_pmos:264 vs. vco:1/sg13_lv_pmos:M11:
Property mm_ok in circuit2 has no matching property in circuit1
sg13_lv_nmos:1879 vs. vco:1/sg13_lv_nmos:M2:
Property mm_ok in circuit2 has no matching property in circuit1
sg13_lv_nmos:482 vs. vco:1/sg13_lv_nmos:M4:
Property mm_ok in circuit2 has no matching property in circuit1
sg13_lv_nmos:549 vs. vco:1/sg13_lv_nmos:M6:
Property mm_ok in circuit2 has no matching property in circuit1
sg13_lv_nmos:430 vs. vco:1/sg13_lv_nmos:M16:
Property mm_ok in circuit2 has no matching property in circuit1
sg13_lv_nmos:268 vs. vco:1/sg13_lv_nmos:M18:
Property mm_ok in circuit2 has no matching property in circuit1
sg13_lv_nmos:2133 vs. vco:1/sg13_lv_nmos:M21:
Property mm_ok in circuit2 has no matching property in circuit1
sg13_lv_nmos:2133 vs. vco:1/sg13_lv_nmos:M21:
Property mm_ok in circuit2 has no matching property in circuit1
sg13_lv_nmos:1301 vs. vco:1/sg13_lv_nmos:M26:
Property mm_ok in circuit2 has no matching property in circuit1
sg13_lv_nmos:1301 vs. vco:1/sg13_lv_nmos:M26:
Property mm_ok in circuit2 has no matching property in circuit1
sg13_lv_nmos:1301 vs. vco:1/sg13_lv_nmos:M26:
Property mm_ok in circuit2 has no matching property in circuit1
sg13_lv_nmos:1301 vs. vco:1/sg13_lv_nmos:M26:
Property mm_ok in circuit2 has no matching property in circuit1
sg13_lv_nmos:1301 vs. vco:1/sg13_lv_nmos:M26:
Property mm_ok in circuit2 has no matching property in circuit1
sg13_lv_nmos:1301 vs. vco:1/sg13_lv_nmos:M26:
Property mm_ok in circuit2 has no matching property in circuit1
sg13_lv_nmos:1301 vs. vco:1/sg13_lv_nmos:M26:
Property mm_ok in circuit2 has no matching property in circuit1
sg13_lv_nmos:1301 vs. vco:1/sg13_lv_nmos:M26:
Property mm_ok in circuit2 has no matching property in circuit1
sg13_lv_nmos:7196 vs. vco:1/sg13_lv_nmos:M22:
Property mm_ok in circuit2 has no matching property in circuit1
sg13_lv_nmos:7196 vs. vco:1/sg13_lv_nmos:M22:
Property mm_ok in circuit2 has no matching property in circuit1
sg13_lv_nmos:3310 vs. vco:1/sg13_lv_nmos:M33:
Property mm_ok in circuit2 has no matching property in circuit1
sg13_lv_nmos:3310 vs. vco:1/sg13_lv_nmos:M33:
Property mm_ok in circuit2 has no matching property in circuit1
sg13_lv_nmos:3310 vs. vco:1/sg13_lv_nmos:M33:
Property mm_ok in circuit2 has no matching property in circuit1
sg13_lv_nmos:3310 vs. vco:1/sg13_lv_nmos:M33:
Property mm_ok in circuit2 has no matching property in circuit1
sg13_lv_nmos:2406 vs. vco:1/sg13_lv_nmos:M34:
Property mm_ok in circuit2 has no matching property in circuit1
sg13_lv_nmos:2406 vs. vco:1/sg13_lv_nmos:M34:
Property mm_ok in circuit2 has no matching property in circuit1
sg13_lv_nmos:2406 vs. vco:1/sg13_lv_nmos:M34:
Property mm_ok in circuit2 has no matching property in circuit1
sg13_lv_nmos:2406 vs. vco:1/sg13_lv_nmos:M34:
Property mm_ok in circuit2 has no matching property in circuit1
sg13_lv_nmos:1926 vs. vco:1/sg13_lv_nmos:M35:
Property mm_ok in circuit2 has no matching property in circuit1
sg13_lv_nmos:1926 vs. vco:1/sg13_lv_nmos:M35:
Property mm_ok in circuit2 has no matching property in circuit1
sg13_lv_nmos:1926 vs. vco:1/sg13_lv_nmos:M35:
Property mm_ok in circuit2 has no matching property in circuit1
sg13_lv_nmos:1926 vs. vco:1/sg13_lv_nmos:M35:
Property mm_ok in circuit2 has no matching property in circuit1
sg13_lv_nmos:131 vs. output_buffer:2/sg13_lv_nmos:M8:
Property mm_ok in circuit2 has no matching property in circuit1
sg13_lv_nmos:83 vs. output_buffer:2/sg13_lv_nmos:M2:
Property mm_ok in circuit2 has no matching property in circuit1
sg13_lv_nmos:1860 vs. output_buffer:2/sg13_lv_nmos:M6:
Property mm_ok in circuit2 has no matching property in circuit1
sg13_lv_nmos:4323 vs. vco:1/sg13_lv_nmos:M44:
Property mm_ok in circuit2 has no matching property in circuit1
sg13_lv_nmos:4323 vs. vco:1/sg13_lv_nmos:M44:
Property mm_ok in circuit2 has no matching property in circuit1
sg13_lv_nmos:3518 vs. output_buffer:2/sg13_lv_nmos:M26:
Property mm_ok in circuit2 has no matching property in circuit1
sg13_lv_nmos:1197 vs. vco:1/sg13_lv_nmos:M25:
Property mm_ok in circuit2 has no matching property in circuit1
sg13_lv_nmos:1197 vs. vco:1/sg13_lv_nmos:M25:
Property mm_ok in circuit2 has no matching property in circuit1
sg13_lv_nmos:456 vs. output_buffer:2/sg13_lv_nmos:M19:
Property mm_ok in circuit2 has no matching property in circuit1
sg13_lv_nmos:6027 vs. vco:1/sg13_lv_nmos:M52:
Property mm_ok in circuit2 has no matching property in circuit1
sg13_lv_nmos:6027 vs. vco:1/sg13_lv_nmos:M52:
Property mm_ok in circuit2 has no matching property in circuit1
sg13_lv_nmos:5683 vs. vco:1/sg13_lv_nmos:M42:
Property mm_ok in circuit2 has no matching property in circuit1
sg13_lv_nmos:5683 vs. vco:1/sg13_lv_nmos:M42:
Property mm_ok in circuit2 has no matching property in circuit1
sg13_lv_nmos:3341 vs. output_buffer:2/sg13_lv_nmos:M31:
Property mm_ok in circuit2 has no matching property in circuit1
sg13_lv_nmos:3341 vs. output_buffer:2/sg13_lv_nmos:M31:
Property mm_ok in circuit2 has no matching property in circuit1
sg13_lv_nmos:2270 vs. vco:1/sg13_lv_nmos:M43:
Property mm_ok in circuit2 has no matching property in circuit1
sg13_lv_nmos:2270 vs. vco:1/sg13_lv_nmos:M43:
Property mm_ok in circuit2 has no matching property in circuit1
sg13_lv_nmos:4439 vs. output_buffer:2/sg13_lv_nmos:M35:
Property mm_ok in circuit2 has no matching property in circuit1
sg13_lv_nmos:4439 vs. output_buffer:2/sg13_lv_nmos:M35:
Property mm_ok in circuit2 has no matching property in circuit1
sg13_lv_nmos:2243 vs. vco:1/sg13_lv_nmos:M8:
Property mm_ok in circuit2 has no matching property in circuit1
sg13_lv_nmos:837 vs. output_buffer:2/sg13_lv_nmos:M4:
Property mm_ok in circuit2 has no matching property in circuit1
sg13_lv_nmos:872 vs. output_buffer:2/sg13_lv_nmos:M12:
Property mm_ok in circuit2 has no matching property in circuit1
sg13_lv_nmos:1597 vs. vco:1/sg13_lv_nmos:M14:
Property mm_ok in circuit2 has no matching property in circuit1
sg13_lv_nmos:961 vs. vco:1/sg13_lv_nmos:M12:
Property mm_ok in circuit2 has no matching property in circuit1
sg13_lv_nmos:859 vs. vco:1/sg13_lv_nmos:M13:
Property mm_ok in circuit2 has no matching property in circuit1

Subcircuit pins:
Circuit 1: ook_transmitter                 |Circuit 2: ook_transmitter                 
-------------------------------------------|-------------------------------------------
clk_fb                                     |clk_fb                                     
vout                                       |vout                                       
vctrl_out                                  |vctrl_out                                  
vctrl_b_out                                |vctrl_b_out                                
VPWR                                       |VPWR                                       
vcl                                        |vcl                                        
rst_ni                                     |rst_ni                                     
vctrl_b_in                                 |vctrl_b_in                                 
vctrl_in                                   |vctrl_in                                   
clk_ref                                    |clk_ref                                    
dac_out                                    |dac_out                                    
VGND                                       |VGND                                       
---------------------------------------------------------------------------------------
Cell pin lists are equivalent.
Device classes ook_transmitter and ook_transmitter are equivalent.

Final result: Circuits match uniquely.
Property errors were found.

The following cells had property errors:
 ook_transmitter
