+ analyze_power_grid -net VPWR -voltage_file /home/belal/HeiChips/heichips26-on-off/macros/heichips26_ook/macros/pfd_digital/flow/librelane/runs/RUN_2026-09-09_08-40-01/55-openroad-irdropreport/net-VPWR.csv
[INFO PSM-0040] All shapes on net VPWR are connected.
########## IR report #################
Net              : VPWR
Corner           : nom_typ_1p20V_25C
Total power      : 9.03e-08 W
Supply voltage   : 1.20e+00 V
Worstcase voltage: 1.20e+00 V
Average voltage  : 1.20e+00 V
Average IR drop  : 3.08e-07 V
Worstcase IR drop: 5.56e-07 V
Percentage drop  : 0.00 %
######################################
+ analyze_power_grid -net VGND -voltage_file /home/belal/HeiChips/heichips26-on-off/macros/heichips26_ook/macros/pfd_digital/flow/librelane/runs/RUN_2026-09-09_08-40-01/55-openroad-irdropreport/net-VGND.csv
[INFO PSM-0040] All shapes on net VGND are connected.
########## IR report #################
Net              : VGND
Corner           : nom_typ_1p20V_25C
Total power      : 9.03e-08 W
Supply voltage   : 0.00e+00 V
Worstcase voltage: 3.85e-07 V
Average voltage  : 2.66e-07 V
Average IR drop  : 2.66e-07 V
Worstcase IR drop: 3.85e-07 V
Percentage drop  : 0.00 %
######################################
