
Cell sg13cmos5l_decap_8 (0) disconnected node: VDD
Cell sg13cmos5l_decap_8 (0) disconnected node: VSS

Subcircuit pins:
Circuit 1: sg13cmos5l_decap_8              |Circuit 2: sg13cmos5l_decap_8              
-------------------------------------------|-------------------------------------------
VDD                                        |VDD                                        
VSS                                        |VSS                                        
---------------------------------------------------------------------------------------
Cell pin lists are equivalent.
Device classes sg13cmos5l_decap_8 and sg13cmos5l_decap_8 are equivalent.

Cell sg13cmos5l_fill_2 (0) disconnected node: VDD
Cell sg13cmos5l_fill_2 (0) disconnected node: VSS
Cell sg13cmos5l_fill_2 (1) disconnected node: VDD
Cell sg13cmos5l_fill_2 (1) disconnected node: VSS

Subcircuit pins:
Circuit 1: sg13cmos5l_fill_2               |Circuit 2: sg13cmos5l_fill_2               
-------------------------------------------|-------------------------------------------
VDD                                        |VDD                                        
VSS                                        |VSS                                        
---------------------------------------------------------------------------------------
Cell pin lists are equivalent.
Device classes sg13cmos5l_fill_2 and sg13cmos5l_fill_2 are equivalent.

Cell sg13cmos5l_fill_1 (0) disconnected node: VDD
Cell sg13cmos5l_fill_1 (0) disconnected node: VSS
Cell sg13cmos5l_fill_1 (1) disconnected node: VDD
Cell sg13cmos5l_fill_1 (1) disconnected node: VSS

Subcircuit pins:
Circuit 1: sg13cmos5l_fill_1               |Circuit 2: sg13cmos5l_fill_1               
-------------------------------------------|-------------------------------------------
VDD                                        |VDD                                        
VSS                                        |VSS                                        
---------------------------------------------------------------------------------------
Cell pin lists are equivalent.
Device classes sg13cmos5l_fill_1 and sg13cmos5l_fill_1 are equivalent.

Cell sg13cmos5l_tiehi (0) disconnected node: L_HI
Cell sg13cmos5l_tiehi (0) disconnected node: VDD
Cell sg13cmos5l_tiehi (0) disconnected node: VSS

Subcircuit pins:
Circuit 1: sg13cmos5l_tiehi                |Circuit 2: sg13cmos5l_tiehi                
-------------------------------------------|-------------------------------------------
L_HI                                       |L_HI                                       
VDD                                        |VDD                                        
VSS                                        |VSS                                        
---------------------------------------------------------------------------------------
Cell pin lists are equivalent.
Device classes sg13cmos5l_tiehi and sg13cmos5l_tiehi are equivalent.

Cell sg13cmos5l_decap_4 (0) disconnected node: VDD
Cell sg13cmos5l_decap_4 (0) disconnected node: VSS

Subcircuit pins:
Circuit 1: sg13cmos5l_decap_4              |Circuit 2: sg13cmos5l_decap_4              
-------------------------------------------|-------------------------------------------
VDD                                        |VDD                                        
VSS                                        |VSS                                        
---------------------------------------------------------------------------------------
Cell pin lists are equivalent.
Device classes sg13cmos5l_decap_4 and sg13cmos5l_decap_4 are equivalent.

Cell sg13cmos5l_dfrbpq_1 (0) disconnected node: Q
Cell sg13cmos5l_dfrbpq_1 (0) disconnected node: CLK
Cell sg13cmos5l_dfrbpq_1 (0) disconnected node: D
Cell sg13cmos5l_dfrbpq_1 (0) disconnected node: RESET_B
Cell sg13cmos5l_dfrbpq_1 (0) disconnected node: VDD
Cell sg13cmos5l_dfrbpq_1 (0) disconnected node: VSS

Subcircuit pins:
Circuit 1: sg13cmos5l_dfrbpq_1             |Circuit 2: sg13cmos5l_dfrbpq_1             
-------------------------------------------|-------------------------------------------
Q                                          |Q                                          
CLK                                        |CLK                                        
D                                          |D                                          
RESET_B                                    |RESET_B                                    
VDD                                        |VDD                                        
VSS                                        |VSS                                        
---------------------------------------------------------------------------------------
Cell pin lists are equivalent.
Device classes sg13cmos5l_dfrbpq_1 and sg13cmos5l_dfrbpq_1 are equivalent.

Cell sg13cmos5l_nand2_2 (0) disconnected node: Y
Cell sg13cmos5l_nand2_2 (0) disconnected node: A
Cell sg13cmos5l_nand2_2 (0) disconnected node: B
Cell sg13cmos5l_nand2_2 (0) disconnected node: VDD
Cell sg13cmos5l_nand2_2 (0) disconnected node: VSS

Subcircuit pins:
Circuit 1: sg13cmos5l_nand2_2              |Circuit 2: sg13cmos5l_nand2_2              
-------------------------------------------|-------------------------------------------
Y                                          |Y                                          
A                                          |A                                          
B                                          |B                                          
VDD                                        |VDD                                        
VSS                                        |VSS                                        
---------------------------------------------------------------------------------------
Cell pin lists are equivalent.
Device classes sg13cmos5l_nand2_2 and sg13cmos5l_nand2_2 are equivalent.

Cell sg13cmos5l_dlygate4sd3_1 (0) disconnected node: X
Cell sg13cmos5l_dlygate4sd3_1 (0) disconnected node: A
Cell sg13cmos5l_dlygate4sd3_1 (0) disconnected node: VDD
Cell sg13cmos5l_dlygate4sd3_1 (0) disconnected node: VSS

Subcircuit pins:
Circuit 1: sg13cmos5l_dlygate4sd3_1        |Circuit 2: sg13cmos5l_dlygate4sd3_1        
-------------------------------------------|-------------------------------------------
X                                          |X                                          
A                                          |A                                          
VDD                                        |VDD                                        
VSS                                        |VSS                                        
---------------------------------------------------------------------------------------
Cell pin lists are equivalent.
Device classes sg13cmos5l_dlygate4sd3_1 and sg13cmos5l_dlygate4sd3_1 are equivalent.

Cell sg13cmos5l_buf_1 (0) disconnected node: X
Cell sg13cmos5l_buf_1 (0) disconnected node: A
Cell sg13cmos5l_buf_1 (0) disconnected node: VDD
Cell sg13cmos5l_buf_1 (0) disconnected node: VSS

Subcircuit pins:
Circuit 1: sg13cmos5l_buf_1                |Circuit 2: sg13cmos5l_buf_1                
-------------------------------------------|-------------------------------------------
X                                          |X                                          
A                                          |A                                          
VDD                                        |VDD                                        
VSS                                        |VSS                                        
---------------------------------------------------------------------------------------
Cell pin lists are equivalent.
Device classes sg13cmos5l_buf_1 and sg13cmos5l_buf_1 are equivalent.

Class pfd_digital (0):  Merged 33 parallel devices.
Class pfd_digital (1):  Merged 33 parallel devices.
Subcircuit summary:
Circuit 1: pfd_digital                     |Circuit 2: pfd_digital                     
-------------------------------------------|-------------------------------------------
sg13cmos5l_decap_8 (23->1)                 |sg13cmos5l_decap_8 (23->1)                 
sg13cmos5l_fill_2 (5->1)                   |sg13cmos5l_fill_2 (5->1)                   
sg13cmos5l_fill_1 (6->1)                   |sg13cmos5l_fill_1 (6->1)                   
sg13cmos5l_tiehi (2)                       |sg13cmos5l_tiehi (2)                       
sg13cmos5l_decap_4 (3->1)                  |sg13cmos5l_decap_4 (3->1)                  
sg13cmos5l_dfrbpq_1 (2)                    |sg13cmos5l_dfrbpq_1 (2)                    
sg13cmos5l_nand2_2 (2)                     |sg13cmos5l_nand2_2 (2)                     
sg13cmos5l_dlygate4sd3_1 (1)               |sg13cmos5l_dlygate4sd3_1 (1)               
sg13cmos5l_buf_1 (2)                       |sg13cmos5l_buf_1 (2)                       
Number of devices: 13                      |Number of devices: 13                      
Number of nets: 13                         |Number of nets: 13                         
---------------------------------------------------------------------------------------
Netlists match uniquely.

Subcircuit pins:
Circuit 1: pfd_digital                     |Circuit 2: pfd_digital                     
-------------------------------------------|-------------------------------------------
clk_fb                                     |clk_fb                                     
clk_ref                                    |clk_ref                                    
up                                         |up                                         
dn                                         |dn                                         
VPWR                                       |VPWR                                       
VGND                                       |VGND                                       
---------------------------------------------------------------------------------------
Cell pin lists are equivalent.
Device classes pfd_digital and pfd_digital are equivalent.

Final result: Circuits match uniquely.
.
