
===========================================================================
 report_power
============================================================================
======================= nom_slow_1p08V_125C Corner ===================================

Group                    Internal    Switching      Leakage        Total
                            Power        Power        Power        Power (Watts)
------------------------------------------------------------------------
Sequential           5.535519e-08 0.000000e+00 4.203260e-09 5.955845e-08  88.0%
Combinational        0.000000e+00 0.000000e+00 3.272767e-09 3.272767e-09   4.8%
Clock                0.000000e+00 0.000000e+00 4.833852e-09 4.833852e-09   7.1%
Macro                0.000000e+00 0.000000e+00 0.000000e+00 0.000000e+00   0.0%
Pad                  0.000000e+00 0.000000e+00 0.000000e+00 0.000000e+00   0.0%
------------------------------------------------------------------------
Total                5.535519e-08 0.000000e+00 1.230988e-08 6.766507e-08 100.0%
                            81.8%         0.0%        18.2%

