
20. Executing CHECK pass (checking for obvious problems).
Checking module pfd_digital...
Warning: found logic loop in module pfd_digital:
    cell $auto$proc_dff.cc:220:proc_dff$7 ($not)
      A[0] --> Y[0]
    cell $auto$proc_dff.cc:225:proc_dff$9 ($reduce_or)
      A[0] --> Y[0]
    cell $procdff$11 ($adff) source: /home/belal/HeiChips/heichips26-on-off/macros/heichips26_ook/macros/pfd_digital/rtl/pfd_digital.sv:20.5-23.8
      ARST[0] --> Q[0]
    wire \dn_q source: /home/belal/HeiChips/heichips26-on-off/macros/heichips26_ook/macros/pfd_digital/rtl/pfd_digital.sv:10.15-10.19
    cell $and$/home/belal/HeiChips/heichips26-on-off/macros/heichips26_ook/macros/pfd_digital/rtl/pfd_digital.sv:13$1 ($and) source: /home/belal/HeiChips/heichips26-on-off/macros/heichips26_ook/macros/pfd_digital/rtl/pfd_digital.sv:13.24-13.35
      B[0] --> Y[0]
    cell $not$/home/belal/HeiChips/heichips26-on-off/macros/heichips26_ook/macros/pfd_digital/rtl/pfd_digital.sv:13$2 ($not) source: /home/belal/HeiChips/heichips26-on-off/macros/heichips26_ook/macros/pfd_digital/rtl/pfd_digital.sv:13.22-13.36
      A[0] --> Y[0]
Warning: found logic loop in module pfd_digital:
    cell $procdff$16 ($adff) source: /home/belal/HeiChips/heichips26-on-off/macros/heichips26_ook/macros/pfd_digital/rtl/pfd_digital.sv:15.5-18.8
      ARST[0] --> Q[0]
    wire \up_q source: /home/belal/HeiChips/heichips26-on-off/macros/heichips26_ook/macros/pfd_digital/rtl/pfd_digital.sv:10.9-10.13
    cell $and$/home/belal/HeiChips/heichips26-on-off/macros/heichips26_ook/macros/pfd_digital/rtl/pfd_digital.sv:13$1 ($and) source: /home/belal/HeiChips/heichips26-on-off/macros/heichips26_ook/macros/pfd_digital/rtl/pfd_digital.sv:13.24-13.35
      A[0] --> Y[0]
    cell $not$/home/belal/HeiChips/heichips26-on-off/macros/heichips26_ook/macros/pfd_digital/rtl/pfd_digital.sv:13$2 ($not) source: /home/belal/HeiChips/heichips26-on-off/macros/heichips26_ook/macros/pfd_digital/rtl/pfd_digital.sv:13.22-13.36
      A[0] --> Y[0]
    cell $auto$proc_dff.cc:220:proc_dff$12 ($not)
      A[0] --> Y[0]
    cell $auto$proc_dff.cc:225:proc_dff$14 ($reduce_or)
      A[0] --> Y[0]
Found and reported 2 problems.
