+ analyze_power_grid -net VPWR -voltage_file /home/belal/HeiChips/heichips26-on-off/macros/heichips26_ook_top/macros/ook_digital_system/flow/librelane/runs/RUN_2026-09-28_15-59-38/56-openroad-irdropreport/net-VPWR.csv
[INFO PSM-0040] All shapes on net VPWR are connected.
########## IR report #################
Net              : VPWR
Corner           : nom_typ_1p20V_25C
Total power      : 1.37e-04 W
Supply voltage   : 1.20e+00 V
Worstcase voltage: 1.20e+00 V
Average voltage  : 1.20e+00 V
Average IR drop  : 1.25e-05 V
Worstcase IR drop: 1.00e-04 V
Percentage drop  : 0.01 %
######################################
+ analyze_power_grid -net VGND -voltage_file /home/belal/HeiChips/heichips26-on-off/macros/heichips26_ook_top/macros/ook_digital_system/flow/librelane/runs/RUN_2026-09-28_15-59-38/56-openroad-irdropreport/net-VGND.csv
[INFO PSM-0040] All shapes on net VGND are connected.
########## IR report #################
Net              : VGND
Corner           : nom_typ_1p20V_25C
Total power      : 1.37e-04 W
Supply voltage   : 0.00e+00 V
Worstcase voltage: 9.60e-05 V
Average voltage  : 1.05e-05 V
Average IR drop  : 1.05e-05 V
Worstcase IR drop: 9.60e-05 V
Percentage drop  : 0.01 %
######################################
