
===========================================================================
 report_power
============================================================================
======================= nom_fast_1p32V_m40C Corner ===================================

Group                    Internal    Switching      Leakage        Total
                            Power        Power        Power        Power (Watts)
------------------------------------------------------------------------
Sequential           7.695481e-05 1.190181e-06 1.575350e-08 7.816074e-05  44.8%
Combinational        3.431302e-06 2.241303e-06 2.895919e-08 5.701564e-06   3.3%
Clock                6.128740e-05 2.232673e-05 7.074835e-06 9.068897e-05  52.0%
Macro                0.000000e+00 0.000000e+00 0.000000e+00 0.000000e+00   0.0%
Pad                  0.000000e+00 0.000000e+00 0.000000e+00 0.000000e+00   0.0%
------------------------------------------------------------------------
Total                1.416735e-04 2.575822e-05 7.119545e-06 1.745512e-04 100.0%
                            81.2%        14.8%         4.1%

