┏━━━━━━━━━━━━━━━━━━━━━━┳━━━━━━━━━━┳━━━━━━━━━━┳━━━━━━━━━━┳━━━━━━━━━━┳━━━━━━━━━━━┳━━━━━━━━━━┳━━━━━━━━━━━┳━━━━━━━━━━┳━━━━━━━━━━━┳━━━━━━━━━━┳━━━━━━━━━━━┳━━━━━━━━━━┓
┃                      ┃ Hold     ┃ Reg to   ┃          ┃          ┃ of which  ┃ Setup    ┃           ┃          ┃           ┃ of which ┃           ┃          ┃
┃                      ┃ Worst    ┃ Reg      ┃          ┃ Hold Vio ┃ reg to    ┃ Worst    ┃ Reg to    ┃ Setup    ┃ Setup Vio ┃ reg to   ┃ Max Cap   ┃ Max Slew ┃
┃ Corner/Group         ┃ Slack    ┃ Paths    ┃ Hold TNS ┃ Count    ┃ reg       ┃ Slack    ┃ Reg Paths ┃ TNS      ┃ Count     ┃ reg      ┃ Violatio… ┃ Violati… ┃
┡━━━━━━━━━━━━━━━━━━━━━━╇━━━━━━━━━━╇━━━━━━━━━━╇━━━━━━━━━━╇━━━━━━━━━━╇━━━━━━━━━━━╇━━━━━━━━━━╇━━━━━━━━━━━╇━━━━━━━━━━╇━━━━━━━━━━━╇━━━━━━━━━━╇━━━━━━━━━━━╇━━━━━━━━━━┩
│ Overall              │ 0.1216   │ 0.1216   │ 0.0000   │ 0        │ 0         │ 3.0170   │ 11.2191   │ 0.0000   │ 0         │ 0        │ 0         │ 0        │
│ nom_fast_1p32V_m40C  │ 0.1216   │ 0.1216   │ 0.0000   │ 0        │ 0         │ 3.2926   │ 11.8220   │ 0.0000   │ 0         │ 0        │ 0         │ 0        │
│ nom_slow_1p08V_125C  │ 0.6380   │ 0.6380   │ 0.0000   │ 0        │ 0         │ 3.0170   │ 11.2191   │ 0.0000   │ 0         │ 0        │ 0         │ 0        │
│ nom_typ_1p20V_25C    │ 0.3059   │ 0.3059   │ 0.0000   │ 0        │ 0         │ 3.1924   │ 11.6073   │ 0.0000   │ 0         │ 0        │ 0         │ 0        │
└──────────────────────┴──────────┴──────────┴──────────┴──────────┴───────────┴──────────┴───────────┴──────────┴───────────┴──────────┴───────────┴──────────┘
