
===========================================================================
 report_power
============================================================================
======================= nom_slow_1p08V_125C Corner ===================================

Group                    Internal    Switching      Leakage        Total
                            Power        Power        Power        Power (Watts)
------------------------------------------------------------------------
Sequential           5.101112e-05 7.464923e-07 3.502026e-08 5.179263e-05  48.3%
Combinational        2.115527e-06 1.404636e-06 4.908632e-08 3.569249e-06   3.3%
Clock                3.805941e-05 1.339019e-05 5.025433e-07 5.195215e-05  48.4%
Macro                0.000000e+00 0.000000e+00 0.000000e+00 0.000000e+00   0.0%
Pad                  0.000000e+00 0.000000e+00 0.000000e+00 0.000000e+00   0.0%
------------------------------------------------------------------------
Total                9.118607e-05 1.554132e-05 5.866494e-07 1.073140e-04 100.0%
                            85.0%        14.5%         0.5%

