110. Printing statistics.

=== ook_digital_system ===

        +----------Local Count, excluding submodules.
        |        +-Local Area, excluding submodules.
        |        | 
       73        - wires
       73        - wire bits
       29        - public wires
       29        - public wire bits
       17        - ports
       17        - port bits
       66  1.2E+03 cells
        1   12.701   sg13cmos5l_a21o_1
        3   27.216   sg13cmos5l_a21oi_1
        1   14.515   sg13cmos5l_a221oi_1
        4   36.288   sg13cmos5l_and2_1
        2   14.515   sg13cmos5l_buf_1
       16  783.821   sg13cmos5l_dfrbpq_1
        5   27.216   sg13cmos5l_inv_1
        1    7.258   sg13cmos5l_nand2_1
        1    9.072   sg13cmos5l_nand2b_1
        1    9.072   sg13cmos5l_nand3_1
        1   12.701   sg13cmos5l_nand3b_1
        1   10.886   sg13cmos5l_nand4_1
        1    7.258   sg13cmos5l_nor2_1
        3   27.216   sg13cmos5l_nor2b_1
        1   10.886   sg13cmos5l_nor4_1
        4   36.288   sg13cmos5l_o21ai_1
        1    9.072   sg13cmos5l_or2_1
       17  123.379   sg13cmos5l_tiehi
        1    7.258   sg13cmos5l_tielo
        1   14.515   sg13cmos5l_xnor2_1

   Chip area for module '\ook_digital_system': 1201.132800
     of which used for sequential elements: 783.820800 (65.26%)

