96. Printing statistics.

=== ook_digital_system ===

        +----------Local Count, excluding submodules.
        |        +-Local Area, excluding submodules.
        |        | 
       41        - wires
       48        - wire bits
       26        - public wires
       33        - public wire bits
       17        - ports
       17        - port bits
       37    29.03 cells
        6        -   $_ANDNOT_
        8        -   $_DFF_P_
        1        -   $_MUX_
        1        -   $_NAND_
        1        -   $_NOR_
        3        -   $_ORNOT_
        1        -   $_OR_
        5        -   $_SDFFE_PN0P_
        3        -   $_SDFF_PN0_
        1        -   $_XNOR_
        3        -   $_XOR_
        2   14.515   sg13cmos5l_buf_1
        1    7.258   sg13cmos5l_tiehi
        1    7.258   sg13cmos5l_tielo

   Area for cell type $_ANDNOT_ is unknown!
   Area for cell type $_DFF_P_ is unknown!
   Area for cell type $_MUX_ is unknown!
   Area for cell type $_NAND_ is unknown!
   Area for cell type $_NOR_ is unknown!
   Area for cell type $_ORNOT_ is unknown!
   Area for cell type $_OR_ is unknown!
   Area for cell type $_SDFFE_PN0P_ is unknown!
   Area for cell type $_SDFF_PN0_ is unknown!
   Area for cell type $_XNOR_ is unknown!
   Area for cell type $_XOR_ is unknown!

   Chip area for module '\ook_digital_system': 29.030400
     of which used for sequential elements: 0.000000 (0.00%)

