102. Printing statistics.

=== ook_digital_system ===

        +----------Local Count, excluding submodules.
        |        +-Local Area, excluding submodules.
        |        | 
       54        - wires
       61        - wire bits
       26        - public wires
       33        - public wire bits
       17        - ports
       17        - port bits
       50  812.851 cells
        6        -   $_ANDNOT_
       14        -   $_MUX_
        1        -   $_NAND_
        1        -   $_NOR_
        3        -   $_ORNOT_
        1        -   $_OR_
        1        -   $_XNOR_
        3        -   $_XOR_
        2   14.515   sg13cmos5l_buf_1
       16  783.821   sg13cmos5l_dfrbpq_1
        1    7.258   sg13cmos5l_tiehi
        1    7.258   sg13cmos5l_tielo

   Area for cell type $_ANDNOT_ is unknown!
   Area for cell type $_MUX_ is unknown!
   Area for cell type $_NAND_ is unknown!
   Area for cell type $_NOR_ is unknown!
   Area for cell type $_ORNOT_ is unknown!
   Area for cell type $_OR_ is unknown!
   Area for cell type $_XNOR_ is unknown!
   Area for cell type $_XOR_ is unknown!

   Chip area for module '\ook_digital_system': 812.851200
     of which used for sequential elements: 783.820800 (96.43%)

