
===========================================================================
 report_power
============================================================================
======================= nom_slow_1p08V_125C Corner ===================================

Group                    Internal    Switching      Leakage        Total
                            Power        Power        Power        Power (Watts)
------------------------------------------------------------------------
Sequential           2.637184e-04 1.180906e-05 1.538966e-07 2.756813e-04  29.9%
Combinational        1.704101e-04 1.706943e-04 4.502005e-07 3.415546e-04  37.0%
Clock                2.256110e-04 8.046165e-05 1.205042e-07 3.061931e-04  33.2%
Macro                0.000000e+00 0.000000e+00 0.000000e+00 0.000000e+00   0.0%
Pad                  0.000000e+00 0.000000e+00 0.000000e+00 0.000000e+00   0.0%
------------------------------------------------------------------------
Total                6.597398e-04 2.629650e-04 7.246006e-07 9.234295e-04 100.0%
                            71.4%        28.5%         0.1%

