
===========================================================================
 report_power
============================================================================
======================= nom_fast_1p32V_m40C Corner ===================================

Group                    Internal    Switching      Leakage        Total
                            Power        Power        Power        Power (Watts)
------------------------------------------------------------------------
Sequential           3.979859e-04 1.933954e-05 6.844392e-08 4.173939e-04  28.4%
Combinational        2.756748e-04 2.820803e-04 2.451337e-07 5.580002e-04  38.0%
Clock                3.603461e-04 1.324904e-04 2.937136e-07 4.931302e-04  33.6%
Macro                0.000000e+00 0.000000e+00 0.000000e+00 0.000000e+00   0.0%
Pad                  0.000000e+00 0.000000e+00 0.000000e+00 0.000000e+00   0.0%
------------------------------------------------------------------------
Total                1.034007e-03 4.339101e-04 6.072907e-07 1.468524e-03 100.0%
                            70.4%        29.5%         0.0%

