154. Printing statistics.

=== dac ===

        +----------Local Count, excluding submodules.
        |        +-Local Area, excluding submodules.
        |        | 
      608        - wires
      608        - wire bits
       73        - public wires
       73        - public wire bits
        8        - ports
        8        - port bits
      603 8.56E+03 cells
       19  241.315   sg13cmos5l_a21o_1
       46  417.312   sg13cmos5l_a21oi_1
       21  304.819   sg13cmos5l_a221oi_1
       15  162.729   sg13cmos5l_a22oi_1
       29  263.088   sg13cmos5l_and2_1
        9  114.307   sg13cmos5l_and3_1
        2   14.515   sg13cmos5l_buf_1
       69 3.38E+03   sg13cmos5l_dfrbpq_1
       35  190.512   sg13cmos5l_inv_1
        7  127.008   sg13cmos5l_mux2_1
       60  435.456   sg13cmos5l_nand2_1
       13  117.936   sg13cmos5l_nand2b_1
       17  154.224   sg13cmos5l_nand3_1
        4   50.803   sg13cmos5l_nand3b_1
        2   21.773   sg13cmos5l_nand4_1
       57  413.683   sg13cmos5l_nor2_1
       13  117.936   sg13cmos5l_nor2b_1
       23  208.656   sg13cmos5l_nor3_1
       10  108.864   sg13cmos5l_nor4_1
       77  698.544   sg13cmos5l_o21ai_1
       13  117.936   sg13cmos5l_or2_1
        3   38.102   sg13cmos5l_or3_1
        2    29.03   sg13cmos5l_or4_1
       34  493.517   sg13cmos5l_xnor2_1
       23   333.85   sg13cmos5l_xor2_1

   Chip area for module '\dac': 8556.143400
     of which used for sequential elements: 3380.227200 (39.51%)

