
Circuit 1 cell sg13_lv_pmos and Circuit 2 cell sg13_lv_pmos are black boxes.
Warning: Equate pins:  cell sg13_lv_pmos is a placeholder, treated as a black box.
Warning: Equate pins:  cell sg13_lv_pmos is a placeholder, treated as a black box.

Subcircuit pins:
Circuit 1: sg13_lv_pmos                    |Circuit 2: sg13_lv_pmos                    
-------------------------------------------|-------------------------------------------
1                                          |1                                          
2                                          |2                                          
3                                          |3                                          
4                                          |4                                          
---------------------------------------------------------------------------------------
Cell pin lists are equivalent.
Device classes sg13_lv_pmos and sg13_lv_pmos are equivalent.

Circuit 1 cell sg13_lv_nmos and Circuit 2 cell sg13_lv_nmos are black boxes.
Warning: Equate pins:  cell sg13_lv_nmos is a placeholder, treated as a black box.
Warning: Equate pins:  cell sg13_lv_nmos is a placeholder, treated as a black box.

Subcircuit pins:
Circuit 1: sg13_lv_nmos                    |Circuit 2: sg13_lv_nmos                    
-------------------------------------------|-------------------------------------------
1                                          |1                                          
2                                          |2                                          
3                                          |3                                          
4                                          |4                                          
---------------------------------------------------------------------------------------
Cell pin lists are equivalent.
Device classes sg13_lv_nmos and sg13_lv_nmos are equivalent.

Circuit 1 cell rhigh and Circuit 2 cell rhigh are black boxes.
Warning: Equate pins:  cell rhigh is a placeholder, treated as a black box.
Warning: Equate pins:  cell rhigh is a placeholder, treated as a black box.

Subcircuit pins:
Circuit 1: rhigh                           |Circuit 2: rhigh                           
-------------------------------------------|-------------------------------------------
1                                          |1                                          
2                                          |2                                          
3                                          |3                                          
---------------------------------------------------------------------------------------
Cell pin lists are equivalent.
Device classes rhigh and rhigh are equivalent.

Class charge_pump (0):  Merged 28 parallel devices.
Class charge_pump (1):  Merged 4 parallel devices.
Subcircuit summary:
Circuit 1: charge_pump                     |Circuit 2: charge_pump                     
-------------------------------------------|-------------------------------------------
sg13_lv_pmos (22->7)                       |sg13_lv_pmos (9->7)                        
sg13_lv_nmos (20->7)                       |sg13_lv_nmos (9->7)                        
rhigh (4)                                  |rhigh (4)                                  
Number of devices: 18                      |Number of devices: 18                      
Number of nets: 11                         |Number of nets: 11                         
---------------------------------------------------------------------------------------
Netlists match uniquely with property errors.
rhigh:23 vs. rhigh:R2:
 l circuit1: 0.00027592   circuit2: 2.7585e-05   (delta=164%, cutoff=1%)
rhigh:23 vs. rhigh:R2:
Property mm_ok in circuit2 has no matching property in circuit1
rhigh:23 vs. rhigh:R2:
Property ps in circuit2 has no matching property in circuit1
rhigh:23 vs. rhigh:R2:
Property mm_ok in circuit2 has no matching property in circuit1
rhigh:23 vs. rhigh:R2:
Property ps in circuit2 has no matching property in circuit1
rhigh:42 vs. rhigh:R1:
 l circuit1: 0.00140168   circuit2: 8.011e-05   (delta=178%, cutoff=1%)
rhigh:42 vs. rhigh:R1:
Property mm_ok in circuit2 has no matching property in circuit1
rhigh:42 vs. rhigh:R1:
Property ps in circuit2 has no matching property in circuit1
rhigh:42 vs. rhigh:R1:
Property mm_ok in circuit2 has no matching property in circuit1
rhigh:42 vs. rhigh:R1:
Property ps in circuit2 has no matching property in circuit1
rhigh:29 vs. rhigh:R3:
 l circuit1: 2.876e-05   circuit2: 9.53e-06   (delta=100%, cutoff=1%)
rhigh:29 vs. rhigh:R3:
Property mm_ok in circuit2 has no matching property in circuit1
rhigh:29 vs. rhigh:R3:
Property ps in circuit2 has no matching property in circuit1
rhigh:29 vs. rhigh:R3:
Property mm_ok in circuit2 has no matching property in circuit1
rhigh:29 vs. rhigh:R3:
Property ps in circuit2 has no matching property in circuit1
rhigh:26 vs. rhigh:R4:
 l circuit1: 0.00027592   circuit2: 2.7585e-05   (delta=164%, cutoff=1%)
rhigh:26 vs. rhigh:R4:
Property mm_ok in circuit2 has no matching property in circuit1
rhigh:26 vs. rhigh:R4:
Property ps in circuit2 has no matching property in circuit1
rhigh:26 vs. rhigh:R4:
Property mm_ok in circuit2 has no matching property in circuit1
rhigh:26 vs. rhigh:R4:
Property ps in circuit2 has no matching property in circuit1
sg13_lv_nmos:5 vs. sg13_lv_nmos:M6:
Property mm_ok in circuit2 has no matching property in circuit1
sg13_lv_nmos:14 vs. sg13_lv_nmos:M7:
Property mm_ok in circuit2 has no matching property in circuit1
sg13_lv_nmos:2 vs. sg13_lv_nmos:M1:
Property mm_ok in circuit2 has no matching property in circuit1
sg13_lv_nmos:34 vs. sg13_lv_nmos:M11:
Property mm_ok in circuit2 has no matching property in circuit1
sg13_lv_nmos:34 vs. sg13_lv_nmos:M11:
Property mm_ok in circuit2 has no matching property in circuit1
sg13_lv_nmos:34 vs. sg13_lv_nmos:M11:
Property mm_ok in circuit2 has no matching property in circuit1
sg13_lv_nmos:34 vs. sg13_lv_nmos:M11:
Property mm_ok in circuit2 has no matching property in circuit1
sg13_lv_nmos:18 vs. sg13_lv_nmos:M12:
Property mm_ok in circuit2 has no matching property in circuit1
sg13_lv_nmos:18 vs. sg13_lv_nmos:M12:
Property mm_ok in circuit2 has no matching property in circuit1
sg13_lv_nmos:15 vs. sg13_lv_nmos:M13:
Property mm_ok in circuit2 has no matching property in circuit1
sg13_lv_nmos:44 vs. sg13_lv_nmos:M15:
Property mm_ok in circuit2 has no matching property in circuit1
sg13_lv_nmos:44 vs. sg13_lv_nmos:M15:
Property mm_ok in circuit2 has no matching property in circuit1
sg13_lv_pmos:3 vs. sg13_lv_pmos:M3:
Property mm_ok in circuit2 has no matching property in circuit1
sg13_lv_pmos:4 vs. sg13_lv_pmos:M4:
Property mm_ok in circuit2 has no matching property in circuit1
sg13_lv_pmos:16 vs. sg13_lv_pmos:M2:
Property mm_ok in circuit2 has no matching property in circuit1
sg13_lv_pmos:0 vs. sg13_lv_pmos:M5:
Property mm_ok in circuit2 has no matching property in circuit1
sg13_lv_pmos:17 vs. sg13_lv_pmos:M9:
Property mm_ok in circuit2 has no matching property in circuit1
sg13_lv_pmos:17 vs. sg13_lv_pmos:M9:
Property mm_ok in circuit2 has no matching property in circuit1
sg13_lv_pmos:17 vs. sg13_lv_pmos:M9:
Property mm_ok in circuit2 has no matching property in circuit1
sg13_lv_pmos:17 vs. sg13_lv_pmos:M9:
Property mm_ok in circuit2 has no matching property in circuit1
sg13_lv_pmos:22 vs. sg13_lv_pmos:M10:
Property mm_ok in circuit2 has no matching property in circuit1
sg13_lv_pmos:22 vs. sg13_lv_pmos:M10:
Property mm_ok in circuit2 has no matching property in circuit1
sg13_lv_pmos:12 vs. sg13_lv_pmos:M17:
Property mm_ok in circuit2 has no matching property in circuit1
sg13_lv_pmos:12 vs. sg13_lv_pmos:M17:
Property mm_ok in circuit2 has no matching property in circuit1

Subcircuit pins:
Circuit 1: charge_pump                     |Circuit 2: charge_pump                     
-------------------------------------------|-------------------------------------------
VSS                                        |VSS                                        
cp_cap_p                                   |cp_cap_p                                   
UP                                         |UP                                         
DN                                         |DN                                         
cp_cap_m                                   |cp_cap_m                                   
vout                                       |vout                                       
VDD                                        |VDD                                        
---------------------------------------------------------------------------------------
Cell pin lists are equivalent.
Device classes charge_pump and charge_pump are equivalent.

Final result: Circuits match uniquely.
Property errors were found.

The following cells had property errors:
 charge_pump
