+ analyze_power_grid -net VPWR -voltage_file /home/belal/HeiChips/heichips26-on-off/macros/heichips26_ook/macros/dac/flow/librelane/runs/RUN_2026-09-24_00-13-22/56-openroad-irdropreport/net-VPWR.csv
[INFO PSM-0040] All shapes on net VPWR are connected.
########## IR report #################
Net              : VPWR
Corner           : nom_typ_1p20V_25C
Total power      : 1.17e-03 W
Supply voltage   : 1.20e+00 V
Worstcase voltage: 1.20e+00 V
Average voltage  : 1.20e+00 V
Average IR drop  : 2.65e-04 V
Worstcase IR drop: 5.35e-04 V
Percentage drop  : 0.04 %
######################################
+ analyze_power_grid -net VGND -voltage_file /home/belal/HeiChips/heichips26-on-off/macros/heichips26_ook/macros/dac/flow/librelane/runs/RUN_2026-09-24_00-13-22/56-openroad-irdropreport/net-VGND.csv
[INFO PSM-0040] All shapes on net VGND are connected.
########## IR report #################
Net              : VGND
Corner           : nom_typ_1p20V_25C
Total power      : 1.17e-03 W
Supply voltage   : 0.00e+00 V
Worstcase voltage: 5.39e-04 V
Average voltage  : 2.53e-04 V
Average IR drop  : 2.53e-04 V
Worstcase IR drop: 5.39e-04 V
Percentage drop  : 0.04 %
######################################
