146. Printing statistics.

=== dac ===

        +----------Local Count, excluding submodules.
        |        +-Local Area, excluding submodules.
        |        | 
      940        - wires
     1041        - wire bits
       30        - public wires
       77        - public wire bits
        8        - ports
        8        - port bits
     1006 3.38E+03 cells
      326        -   $_ANDNOT_
       30        -   $_AND_
       78        -   $_MUX_
       53        -   $_NAND_
       89        -   $_NOR_
       60        -   $_NOT_
       20        -   $_ORNOT_
      117        -   $_OR_
       24        -   $_XNOR_
      140        -   $_XOR_
       69 3.38E+03   sg13cmos5l_dfrbpq_1

   Area for cell type $_ANDNOT_ is unknown!
   Area for cell type $_AND_ is unknown!
   Area for cell type $_MUX_ is unknown!
   Area for cell type $_NAND_ is unknown!
   Area for cell type $_NOR_ is unknown!
   Area for cell type $_NOT_ is unknown!
   Area for cell type $_ORNOT_ is unknown!
   Area for cell type $_OR_ is unknown!
   Area for cell type $_XNOR_ is unknown!
   Area for cell type $_XOR_ is unknown!

   Chip area for module '\dac': 3380.227200
     of which used for sequential elements: 3380.227200 (100.00%)

