140. Printing statistics.

=== dac ===

        +----------Local Count, excluding submodules.
        | 
      907 wires
     1008 wire bits
       30 public wires
       77 public wire bits
        8 ports
        8 port bits
      973 cells
      326   $_ANDNOT_
       30   $_AND_
       21   $_DFFE_PN0P_
        4   $_DFFE_PN1P_
       44   $_DFF_PN0_
       53   $_MUX_
       53   $_NAND_
       89   $_NOR_
       52   $_NOT_
       20   $_ORNOT_
      117   $_OR_
       24   $_XNOR_
      140   $_XOR_

   Area for cell type $_ANDNOT_ is unknown!
   Area for cell type $_AND_ is unknown!
   Area for cell type $_DFFE_PN0P_ is unknown!
   Area for cell type $_DFFE_PN1P_ is unknown!
   Area for cell type $_DFF_PN0_ is unknown!
   Area for cell type $_MUX_ is unknown!
   Area for cell type $_NAND_ is unknown!
   Area for cell type $_NOR_ is unknown!
   Area for cell type $_NOT_ is unknown!
   Area for cell type $_ORNOT_ is unknown!
   Area for cell type $_OR_ is unknown!
   Area for cell type $_XNOR_ is unknown!
   Area for cell type $_XOR_ is unknown!

